<html>
<body>
<pre>
<h1>µVision Build Log</h1>
<h2>Tool Versions:</h2>
IDE-Version: ¦ÌVision V5.32.0.0
Copyright (C) 2020 ARM Ltd and ARM Germany GmbH. All rights reserved.
License Information: Miles Li, Personal, LIC=VGXG8-3KPPK-RA3DM-XTUZN-95MID-67TKV
 
Tool Versions:
Toolchain:       MDK-ARM Plus  Version: 5.32.0.0
Toolchain Path:  C:\Keil_v5\ARM\ARMCC\Bin
C Compiler:      Armcc.exe V5.06 update 7 (build 960)
Assembler:       Armasm.exe V5.06 update 7 (build 960)
Linker/Locator:  ArmLink.exe V5.06 update 7 (build 960)
Library Manager: ArmAr.exe V5.06 update 7 (build 960)
Hex Converter:   FromElf.exe V5.06 update 7 (build 960)
CPU DLL:         SARMCM3.DLL V5.32.0.0
Dialog DLL:      DCM.DLL V1.17.3.0
Target DLL:      CMSIS_AGDI.dll V1.32.12.0
Dialog DLL:      TCM.DLL V1.46.0.0
 
<h2>Project:</h2>
C:\Users\MilesLi\Desktop\RC\RCCar-new\MDK-ARM\WHEELTEC.uvprojx
Project File Date:  04/30/2026

<h2>Output:</h2>
*** Using Compiler 'V5.06 update 7 (build 960)', folder: 'C:\Keil_v5\ARM\ARMCC\Bin'
Build target 'WHEELTEC'
assembling startup_stm32f407xx.s...
compiling dma.c...
compiling adc.c...
compiling usart.c...
compiling gpio.c...
compiling tim.c...
compiling freertos.c...
compiling main.c...
compiling stm32f4xx_hal_msp.c...
compiling stm32f4xx_hal_timebase_tim.c...
compiling stm32f4xx_it.c...
compiling stm32f4xx_hal_tim_ex.c...
compiling stm32f4xx_hal_rcc_ex.c...
compiling stm32f4xx_hal_rcc.c...
compiling stm32f4xx_hal_tim.c...
compiling stm32f4xx_hal_flash_ramfunc.c...
compiling stm32f4xx_hal_flash_ex.c...
compiling stm32f4xx_hal_flash.c...
compiling stm32f4xx_hal_gpio.c...
compiling stm32f4xx_hal_dma.c...
compiling stm32f4xx_hal_dma_ex.c...
compiling stm32f4xx_hal_pwr.c...
compiling stm32f4xx_ll_adc.c...
compiling stm32f4xx_hal_pwr_ex.c...
compiling stm32f4xx_hal_cortex.c...
compiling croutine.c...
compiling stm32f4xx_hal.c...
compiling list.c...
compiling event_groups.c...
compiling stm32f4xx_hal_exti.c...
compiling stream_buffer.c...
compiling queue.c...
compiling stm32f4xx_hal_adc_ex.c...
compiling timers.c...
compiling tasks.c...
compiling heap_4.c...
compiling port.c...
compiling bsp_dwt.c...
compiling stm32f4xx_hal_adc.c...
compiling stm32f4xx_hal_uart.c...
compiling system_stm32f4xx.c...
compiling bsp_flash.c...
compiling bsp_adc.c...
compiling app_runtime_state.c...
compiling bsp_oled.c...
compiling bsp_buzzer.c...
compiling SerialControl_task.c...
compiling cmsis_os2.c...
compiling show_task.c...
compiling servo_basic_output.c...
compiling data_task.c...
compiling tim_capture_callback.c...
compiling uart_callback.c...
compiling servo_rc_capture.c...
compiling servo_basic_control.c...
..\WHEELTEC_APP\servo_basic_control.c(248): warning:  #223-D: function "memset" declared implicitly
  	memset(&g_rc_throttle_state, 0, sizeof(g_rc_throttle_state));
..\WHEELTEC_APP\servo_basic_control.c: 1 warning, 0 errors
compiling hall_speed.c...
..\WHEELTEC_APP\hall_speed.c(22): warning:  #550-D: variable "hall_count_gpio_port"  was set but never used
  static GPIO_TypeDef *hall_count_gpio_port = HallA_GPIO_Port;
..\WHEELTEC_APP\hall_speed.c: 1 warning, 0 errors
linking...
Program Size: Code=30176 RO-data=3196 RW-data=540 ZI-data=57796  
FromELF: creating hex file...
After Build - User command #1: fromelf --bin --output=..\WHEELTEC.bin .\WHEELTEC\WHEELTEC.axf
"WHEELTEC\WHEELTEC.axf" - 0 Error(s), 2 Warning(s).

<h2>Software Packages used:</h2>

Package Vendor: ARM
                http://www.keil.com/pack/ARM.CMSIS.5.7.0.pack
                ARM.CMSIS.5.7.0
                CMSIS (Cortex Microcontroller Software Interface Standard)
   * Component: CORE Version: 5.4.0

Package Vendor: Keil
                https://www.keil.com/pack/Keil.STM32F4xx_DFP.3.1.1.pack
                Keil.STM32F4xx_DFP.3.1.1
                STMicroelectronics STM32F4 Series Device Support

<h2>Collection of Component include folders:</h2>
  .\RTE\_WHEELTEC
  C:\Keil_v5\ARM\PACK\ARM\CMSIS\5.7.0\CMSIS\Core\Include

<h2>Collection of Component Files used:</h2>

   * Component: ARM::CMSIS:CORE:5.4.0
      Include file:  CMSIS\Core\Include\tz_context.h
Build Time Elapsed:  00:02:19
</pre>
</body>
</html>
