Component: ARM Compiler 5.06 update 7 (build 960) Tool: armlink [4d3601]

==============================================================================

Section Cross References

    startup_stm32f407xx.o(RESET) refers to startup_stm32f407xx.o(STACK) for __initial_sp
    startup_stm32f407xx.o(RESET) refers to startup_stm32f407xx.o(.text) for Reset_Handler
    startup_stm32f407xx.o(RESET) refers to stm32f4xx_it.o(i.NMI_Handler) for NMI_Handler
    startup_stm32f407xx.o(RESET) refers to stm32f4xx_it.o(i.HardFault_Handler) for HardFault_Handler
    startup_stm32f407xx.o(RESET) refers to stm32f4xx_it.o(i.MemManage_Handler) for MemManage_Handler
    startup_stm32f407xx.o(RESET) refers to stm32f4xx_it.o(i.BusFault_Handler) for BusFault_Handler
    startup_stm32f407xx.o(RESET) refers to stm32f4xx_it.o(i.UsageFault_Handler) for UsageFault_Handler
    startup_stm32f407xx.o(RESET) refers to port.o(.emb_text) for SVC_Handler
    startup_stm32f407xx.o(RESET) refers to stm32f4xx_it.o(i.DebugMon_Handler) for DebugMon_Handler
    startup_stm32f407xx.o(RESET) refers to cmsis_os2.o(i.SysTick_Handler) for SysTick_Handler
    startup_stm32f407xx.o(RESET) refers to stm32f4xx_it.o(i.DMA1_Stream4_IRQHandler) for DMA1_Stream4_IRQHandler
    startup_stm32f407xx.o(RESET) refers to stm32f4xx_it.o(i.TIM4_IRQHandler) for TIM4_IRQHandler
    startup_stm32f407xx.o(RESET) refers to stm32f4xx_it.o(i.USART1_IRQHandler) for USART1_IRQHandler
    startup_stm32f407xx.o(RESET) refers to stm32f4xx_it.o(i.EXTI15_10_IRQHandler) for EXTI15_10_IRQHandler
    startup_stm32f407xx.o(RESET) refers to stm32f4xx_it.o(i.UART4_IRQHandler) for UART4_IRQHandler
    startup_stm32f407xx.o(RESET) refers to stm32f4xx_it.o(i.TIM7_IRQHandler) for TIM7_IRQHandler
    startup_stm32f407xx.o(RESET) refers to stm32f4xx_it.o(i.DMA2_Stream0_IRQHandler) for DMA2_Stream0_IRQHandler
    startup_stm32f407xx.o(RESET) refers to stm32f4xx_it.o(i.DMA2_Stream7_IRQHandler) for DMA2_Stream7_IRQHandler
    startup_stm32f407xx.o(.text) refers to system_stm32f4xx.o(i.SystemInit) for SystemInit
    startup_stm32f407xx.o(.text) refers to entry.o(.ARM.Collect$$$$00000000) for __main
    main.o(i.App_DetectHardwareVersion) refers to stm32f4xx_hal_gpio.o(i.HAL_GPIO_ReadPin) for HAL_GPIO_ReadPin
    main.o(i.App_DetectHardwareVersion) refers to stm32f4xx_hal_gpio.o(i.HAL_GPIO_TogglePin) for HAL_GPIO_TogglePin
    main.o(i.App_DetectHardwareVersion) refers to stm32f4xx_hal.o(i.HAL_Delay) for HAL_Delay
    main.o(i.HAL_TIM_PeriodElapsedCallback) refers to stm32f4xx_hal.o(i.HAL_IncTick) for HAL_IncTick
    main.o(i.SystemClock_Config) refers to memseta.o(.text) for __aeabi_memclr4
    main.o(i.SystemClock_Config) refers to stm32f4xx_hal_rcc.o(i.HAL_RCC_OscConfig) for HAL_RCC_OscConfig
    main.o(i.SystemClock_Config) refers to stm32f4xx_hal_rcc.o(i.HAL_RCC_ClockConfig) for HAL_RCC_ClockConfig
    main.o(i.fputc) refers to stm32f4xx_hal_uart.o(i.HAL_UART_Transmit) for HAL_UART_Transmit
    main.o(i.fputc) refers to main.o(.data) for .data
    main.o(i.main) refers to stm32f4xx_hal.o(i.HAL_Init) for HAL_Init
    main.o(i.main) refers to main.o(i.SystemClock_Config) for SystemClock_Config
    main.o(i.main) refers to gpio.o(i.MX_GPIO_Init) for MX_GPIO_Init
    main.o(i.main) refers to dma.o(i.MX_DMA_Init) for MX_DMA_Init
    main.o(i.main) refers to usart.o(i.MX_USART1_UART_Init) for MX_USART1_UART_Init
    main.o(i.main) refers to usart.o(i.MX_UART4_Init) for MX_UART4_Init
    main.o(i.main) refers to tim.o(i.MX_TIM4_Init) for MX_TIM4_Init
    main.o(i.main) refers to tim.o(i.MX_TIM6_Init) for MX_TIM6_Init
    main.o(i.main) refers to adc.o(i.MX_ADC1_Init) for MX_ADC1_Init
    main.o(i.main) refers to tim.o(i.MX_TIM8_Init) for MX_TIM8_Init
    main.o(i.main) refers to servo_basic_control.o(i.ServoBasic_Init) for ServoBasic_Init
    main.o(i.main) refers to bsp_dwt.o(i.DWT_Init) for DWT_Init
    main.o(i.main) refers to hall_speed.o(i.HallSpeed_Init) for HallSpeed_Init
    main.o(i.main) refers to bsp_adc.o(i.ADC_Userconfig_Init) for ADC_Userconfig_Init
    main.o(i.main) refers to stm32f4xx_hal_tim.o(i.HAL_TIM_Base_Start) for HAL_TIM_Base_Start
    main.o(i.main) refers to main.o(i.App_DetectHardwareVersion) for App_DetectHardwareVersion
    main.o(i.main) refers to stm32f4xx_hal_tim.o(i.HAL_TIM_IC_Start_IT) for HAL_TIM_IC_Start_IT
    main.o(i.main) refers to stm32f4xx_hal_uart.o(i.HAL_UART_Receive_IT) for HAL_UART_Receive_IT
    main.o(i.main) refers to cmsis_os2.o(i.osKernelInitialize) for osKernelInitialize
    main.o(i.main) refers to freertos.o(i.MX_FREERTOS_Init) for MX_FREERTOS_Init
    main.o(i.main) refers to cmsis_os2.o(i.osKernelStart) for osKernelStart
    main.o(i.main) refers to tim.o(.bss) for htim6
    main.o(i.main) refers to bsp_oled.o(.data) for UserOLED
    main.o(i.main) refers to main.o(.data) for .data
    main.o(i.main) refers to usart.o(.bss) for huart4
    main.o(.data) refers to usart.o(.bss) for huart1
[...]
    EXTI0_IRQHandler                         0x0800027b   Thumb Code     0  startup_stm32f407xx.o(.text)
    EXTI1_IRQHandler                         0x0800027b   Thumb Code     0  startup_stm32f407xx.o(.text)
    EXTI2_IRQHandler                         0x0800027b   Thumb Code     0  startup_stm32f407xx.o(.text)
    EXTI3_IRQHandler                         0x0800027b   Thumb Code     0  startup_stm32f407xx.o(.text)
    EXTI4_IRQHandler                         0x0800027b   Thumb Code     0  startup_stm32f407xx.o(.text)
    EXTI9_5_IRQHandler                       0x0800027b   Thumb Code     0  startup_stm32f407xx.o(.text)
    FLASH_IRQHandler                         0x0800027b   Thumb Code     0  startup_stm32f407xx.o(.text)
    FMC_IRQHandler                           0x0800027b   Thumb Code     0  startup_stm32f407xx.o(.text)
    FPU_IRQHandler                           0x0800027b   Thumb Code     0  startup_stm32f407xx.o(.text)
    HASH_RNG_IRQHandler                      0x0800027b   Thumb Code     0  startup_stm32f407xx.o(.text)
    I2C1_ER_IRQHandler                       0x0800027b   Thumb Code     0  startup_stm32f407xx.o(.text)
    I2C1_EV_IRQHandler                       0x0800027b   Thumb Code     0  startup_stm32f407xx.o(.text)
    I2C2_ER_IRQHandler                       0x0800027b   Thumb Code     0  startup_stm32f407xx.o(.text)
    I2C2_EV_IRQHandler                       0x0800027b   Thumb Code     0  startup_stm32f407xx.o(.text)
    I2C3_ER_IRQHandler                       0x0800027b   Thumb Code     0  startup_stm32f407xx.o(.text)
    I2C3_EV_IRQHandler                       0x0800027b   Thumb Code     0  startup_stm32f407xx.o(.text)
    OTG_FS_IRQHandler                        0x0800027b   Thumb Code     0  startup_stm32f407xx.o(.text)
    OTG_FS_WKUP_IRQHandler                   0x0800027b   Thumb Code     0  startup_stm32f407xx.o(.text)
    OTG_HS_EP1_IN_IRQHandler                 0x0800027b   Thumb Code     0  startup_stm32f407xx.o(.text)
    OTG_HS_EP1_OUT_IRQHandler                0x0800027b   Thumb Code     0  startup_stm32f407xx.o(.text)
    OTG_HS_IRQHandler                        0x0800027b   Thumb Code     0  startup_stm32f407xx.o(.text)
    OTG_HS_WKUP_IRQHandler                   0x0800027b   Thumb Code     0  startup_stm32f407xx.o(.text)
    PVD_IRQHandler                           0x0800027b   Thumb Code     0  startup_stm32f407xx.o(.text)
    RCC_IRQHandler                           0x0800027b   Thumb Code     0  startup_stm32f407xx.o(.text)
    RTC_Alarm_IRQHandler                     0x0800027b   Thumb Code     0  startup_stm32f407xx.o(.text)
    RTC_WKUP_IRQHandler                      0x0800027b   Thumb Code     0  startup_stm32f407xx.o(.text)
    SDIO_IRQHandler                          0x0800027b   Thumb Code     0  startup_stm32f407xx.o(.text)
    SPI1_IRQHandler                          0x0800027b   Thumb Code     0  startup_stm32f407xx.o(.text)
    SPI2_IRQHandler                          0x0800027b   Thumb Code     0  startup_stm32f407xx.o(.text)
    SPI3_IRQHandler                          0x0800027b   Thumb Code     0  startup_stm32f407xx.o(.text)
    TAMP_STAMP_IRQHandler                    0x0800027b   Thumb Code     0  startup_stm32f407xx.o(.text)
    TIM1_BRK_TIM9_IRQHandler                 0x0800027b   Thumb Code     0  startup_stm32f407xx.o(.text)
    TIM1_CC_IRQHandler                       0x0800027b   Thumb Code     0  startup_stm32f407xx.o(.text)
    TIM1_TRG_COM_TIM11_IRQHandler            0x0800027b   Thumb Code     0  startup_stm32f407xx.o(.text)
    TIM1_UP_TIM10_IRQHandler                 0x0800027b   Thumb Code     0  startup_stm32f407xx.o(.text)
    TIM2_IRQHandler                          0x0800027b   Thumb Code     0  startup_stm32f407xx.o(.text)
    TIM3_IRQHandler                          0x0800027b   Thumb Code     0  startup_stm32f407xx.o(.text)
    TIM5_IRQHandler                          0x0800027b   Thumb Code     0  startup_stm32f407xx.o(.text)
    TIM6_DAC_IRQHandler                      0x0800027b   Thumb Code     0  startup_stm32f407xx.o(.text)
    TIM8_BRK_TIM12_IRQHandler                0x0800027b   Thumb Code     0  startup_stm32f407xx.o(.text)
    TIM8_CC_IRQHandler                       0x0800027b   Thumb Code     0  startup_stm32f407xx.o(.text)
    TIM8_TRG_COM_TIM14_IRQHandler            0x0800027b   Thumb Code     0  startup_stm32f407xx.o(.text)
    TIM8_UP_TIM13_IRQHandler                 0x0800027b   Thumb Code     0  startup_stm32f407xx.o(.text)
    UART5_IRQHandler                         0x0800027b   Thumb Code     0  startup_stm32f407xx.o(.text)
    USART2_IRQHandler                        0x0800027b   Thumb Code     0  startup_stm32f407xx.o(.text)
    USART3_IRQHandler                        0x0800027b   Thumb Code     0  startup_stm32f407xx.o(.text)
    USART6_IRQHandler                        0x0800027b   Thumb Code     0  startup_stm32f407xx.o(.text)
    WWDG_IRQHandler                          0x0800027b   Thumb Code     0  startup_stm32f407xx.o(.text)
    __aeabi_uldivmod                         0x08000285   Thumb Code    98  uldiv.o(.text)
    __aeabi_ldivmod                          0x080002e7   Thumb Code    98  ldiv.o(.text)
    __aeabi_memcpy                           0x08000349   Thumb Code    36  memcpya.o(.text)
    __aeabi_memcpy4                          0x08000349   Thumb Code     0  memcpya.o(.text)
    __aeabi_memcpy8                          0x08000349   Thumb Code     0  memcpya.o(.text)
    __aeabi_memset                           0x0800036d   Thumb Code    14  memseta.o(.text)
    __aeabi_memset4                          0x0800036d   Thumb Code     0  memseta.o(.text)
    __aeabi_memset8                          0x0800036d   Thumb Code     0  memseta.o(.text)
    __aeabi_memclr                           0x0800037b   Thumb Code     4  memseta.o(.text)
    __aeabi_memclr4                          0x0800037b   Thumb Code     0  memseta.o(.text)
    __aeabi_memclr8                          0x0800037b   Thumb Code     0  memseta.o(.text)
    memset                                   0x0800037f   Thumb Code    18  memseta.o(.text)
    __aeabi_uidiv                            0x08000391   Thumb Code     0  uidiv.o(.text)
    __aeabi_uidivmod                         0x08000391   Thumb Code    44  uidiv.o(.text)
    __aeabi_llsl                             0x080003bd   Thumb Code    30  llshl.o(.text)
    _ll_shift_l                              0x080003bd   Thumb Code     0  llshl.o(.text)
    __aeabi_llsr                             0x080003db   Thumb Code    32  llushr.o(.text)
    _ll_ushift_r                             0x080003db   Thumb Code     0  llushr.o(.text)
    __I$use$fp                               0x080003fb   Thumb Code     0  iusefp.o(.text)
    __scatterload                            0x080003fd   Thumb Code    28  init.o(.text)
    __scatterload_rt2                        0x080003fd   Thumb Code     0  init.o(.text)
    __decompress                             0x08000421   Thumb Code     0  __dczerorl2.o(.text)
    __decompress1                            0x08000421   Thumb Code    86  __dczerorl2.o(.text)
    ADC_Userconfig_Init                      0x0800062d   Thumb Code    10  bsp_adc.o(i.ADC_Userconfig_Init)
    BusFault_Handler                         0x080006e1   Thumb Code     2  stm32f4xx_it.o(i.BusFault_Handler)
    Calculate_BCC                            0x080006e3   Thumb Code    24  serialcontrol_task.o(i.Calculate_BCC)
    DMA1_Stream4_IRQHandler                  0x080006fd   Thumb Code     6  stm32f4xx_it.o(i.DMA1_Stream4_IRQHandler)
    DMA2_Stream0_IRQHandler                  0x08000709   Thumb Code     6  stm32f4xx_it.o(i.DMA2_Stream0_IRQHandler)
    DMA2_Stream7_IRQHandler                  0x08000715   Thumb Code     6  stm32f4xx_it.o(i.DMA2_Stream7_IRQHandler)
    DWT_Init                                 0x080007c5   Thumb Code    30  bsp_dwt.o(i.DWT_Init)
    DebugMon_Handler                         0x080007ed   Thumb Code     2  stm32f4xx_it.o(i.DebugMon_Handler)
    EXTI15_10_IRQHandler                     0x080007f1   Thumb Code    36  stm32f4xx_it.o(i.EXTI15_10_IRQHandler)
    Error_Handler                            0x08000819   Thumb Code     4  main.o(i.Error_Handler)
    HAL_ADC_ConfigChannel                    0x0800081d   Thumb Code   316  stm32f4xx_hal_adc.o(i.HAL_ADC_ConfigChannel)
    HAL_ADC_ConvCpltCallback                 0x08000969   Thumb Code     2  stm32f4xx_hal_adc.o(i.HAL_ADC_ConvCpltCallback)
    HAL_ADC_ConvHalfCpltCallback             0x0800096b   Thumb Code     2  stm32f4xx_hal_adc.o(i.HAL_ADC_ConvHalfCpltCallback)
    HAL_ADC_ErrorCallback                    0x0800096d   Thumb Code     2  stm32f4xx_hal_adc.o(i.HAL_ADC_ErrorCallback)
    HAL_ADC_Init                             0x0800096f   Thumb Code    84  stm32f4xx_hal_adc.o(i.HAL_ADC_Init)
    HAL_ADC_MspInit                          0x080009c5   Thumb Code   132  adc.o(i.HAL_ADC_MspInit)
    HAL_ADC_Start_DMA                        0x08000a5d   Thumb Code   302  stm32f4xx_hal_adc.o(i.HAL_ADC_Start_DMA)
    HAL_DMA_Abort                            0x08000bb1   Thumb Code   146  stm32f4xx_hal_dma.o(i.HAL_DMA_Abort)
    HAL_DMA_Abort_IT                         0x08000c43   Thumb Code    36  stm32f4xx_hal_dma.o(i.HAL_DMA_Abort_IT)
    HAL_DMA_IRQHandler                       0x08000c69   Thumb Code   412  stm32f4xx_hal_dma.o(i.HAL_DMA_IRQHandler)
    HAL_DMA_Init                             0x08000e09   Thumb Code   206  stm32f4xx_hal_dma.o(i.HAL_DMA_Init)
    HAL_DMA_Start_IT                         0x08000edd   Thumb Code   110  stm32f4xx_hal_dma.o(i.HAL_DMA_Start_IT)
    HAL_Delay                                0x08000f4d   Thumb Code    32  stm32f4xx_hal.o(i.HAL_Delay)
    HAL_GPIO_EXTI_Callback                   0x08000f71   Thumb Code    14  hall_speed.o(i.HAL_GPIO_EXTI_Callback)
    HAL_GPIO_EXTI_IRQHandler                 0x08000f85   Thumb Code    18  stm32f4xx_hal_gpio.o(i.HAL_GPIO_EXTI_IRQHandler)
    HAL_GPIO_Init                            0x08000f9d   Thumb Code   450  stm32f4xx_hal_gpio.o(i.HAL_GPIO_Init)
    HAL_GPIO_ReadPin                         0x0800118d   Thumb Code    10  stm32f4xx_hal_gpio.o(i.HAL_GPIO_ReadPin)
    HAL_GPIO_TogglePin                       0x08001197   Thumb Code    16  stm32f4xx_hal_gpio.o(i.HAL_GPIO_TogglePin)
    HAL_GPIO_WritePin                        0x080011a7   Thumb Code    10  stm32f4xx_hal_gpio.o(i.HAL_GPIO_WritePin)
    HAL_GetTick                              0x080011b1   Thumb Code     6  stm32f4xx_hal.o(i.HAL_GetTick)
    HAL_IncTick                              0x080011bd   Thumb Code    12  stm32f4xx_hal.o(i.HAL_IncTick)
    HAL_Init                                 0x080011cd   Thumb Code    48  stm32f4xx_hal.o(i.HAL_Init)
    HAL_InitTick                             0x08001201   Thumb Code   132  stm32f4xx_hal_timebase_tim.o(i.HAL_InitTick)
    HAL_MspInit                              0x08001299   Thumb Code    52  stm32f4xx_hal_msp.o(i.HAL_MspInit)
    HAL_NVIC_EnableIRQ                       0x080012d1   Thumb Code    26  stm32f4xx_hal_cortex.o(i.HAL_NVIC_EnableIRQ)
    HAL_NVIC_SetPriority                     0x080012ed   Thumb Code    60  stm32f4xx_hal_cortex.o(i.HAL_NVIC_SetPriority)
    HAL_NVIC_SetPriorityGrouping             0x0800132d   Thumb Code    26  stm32f4xx_hal_cortex.o(i.HAL_NVIC_SetPriorityGrouping)
    HAL_RCC_ClockConfig                      0x08001351   Thumb Code   288  stm32f4xx_hal_rcc.o(i.HAL_RCC_ClockConfig)
    HAL_RCC_GetClockConfig                   0x08001485   Thumb Code    54  stm32f4xx_hal_rcc.o(i.HAL_RCC_GetClockConfig)
    HAL_RCC_GetPCLK1Freq                     0x080014c5   Thumb Code    20  stm32f4xx_hal_rcc.o(i.HAL_RCC_GetPCLK1Freq)
    HAL_RCC_GetPCLK2Freq                     0x080014e5   Thumb Code    20  stm32f4xx_hal_rcc.o(i.HAL_RCC_GetPCLK2Freq)
    HAL_RCC_GetSysClockFreq                  0x08001505   Thumb Code    88  stm32f4xx_hal_rcc.o(i.HAL_RCC_GetSysClockFreq)
    HAL_RCC_OscConfig                        0x08001565   Thumb Code   856  stm32f4xx_hal_rcc.o(i.HAL_RCC_OscConfig)
    HAL_TIMEx_BreakCallback                  0x080018d1   Thumb Code     2  stm32f4xx_hal_tim_ex.o(i.HAL_TIMEx_BreakCallback)
    HAL_TIMEx_CommutCallback                 0x080018d3   Thumb Code     2  stm32f4xx_hal_tim_ex.o(i.HAL_TIMEx_CommutCallback)
    HAL_TIMEx_ConfigBreakDeadTime            0x080018d5   Thumb Code    84  stm32f4xx_hal_tim_ex.o(i.HAL_TIMEx_ConfigBreakDeadTime)
    HAL_TIMEx_MasterConfigSynchronization    0x08001929   Thumb Code   116  stm32f4xx_hal_tim_ex.o(i.HAL_TIMEx_MasterConfigSynchronization)
    HAL_TIM_Base_Init                        0x080019b9   Thumb Code    90  stm32f4xx_hal_tim.o(i.HAL_TIM_Base_Init)
    HAL_TIM_Base_MspInit                     0x08001a15   Thumb Code   176  tim.o(i.HAL_TIM_Base_MspInit)
    HAL_TIM_Base_Start                       0x08001ad9   Thumb Code    90  stm32f4xx_hal_tim.o(i.HAL_TIM_Base_Start)
    HAL_TIM_Base_Start_IT                    0x08001b51   Thumb Code   100  stm32f4xx_hal_tim.o(i.HAL_TIM_Base_Start_IT)
    HAL_TIM_ConfigClockSource                0x08001bd1   Thumb Code   220  stm32f4xx_hal_tim.o(i.HAL_TIM_ConfigClockSource)
    HAL_TIM_IC_CaptureCallback               0x08001cad   Thumb Code    30  tim_capture_callback.o(i.HAL_TIM_IC_CaptureCallback)
    HAL_TIM_IC_ConfigChannel                 0x08001cd1   Thumb Code   292  stm32f4xx_hal_tim.o(i.HAL_TIM_IC_ConfigChannel)
    HAL_TIM_IC_Init                          0x08001df5   Thumb Code    90  stm32f4xx_hal_tim.o(i.HAL_TIM_IC_Init)
    HAL_TIM_IC_MspInit                       0x08001e4f   Thumb Code     2  stm32f4xx_hal_tim.o(i.HAL_TIM_IC_MspInit)
    HAL_TIM_IC_Start_IT                      0x08001e51   Thumb Code   240  stm32f4xx_hal_tim.o(i.HAL_TIM_IC_Start_IT)
    HAL_TIM_IRQHandler                       0x08001f5d   Thumb Code   304  stm32f4xx_hal_tim.o(i.HAL_TIM_IRQHandler)
    HAL_TIM_MspPostInit                      0x0800208d   Thumb Code    70  tim.o(i.HAL_TIM_MspPostInit)
    HAL_TIM_OC_DelayElapsedCallback          0x080020e1   Thumb Code     2  stm32f4xx_hal_tim.o(i.HAL_TIM_OC_DelayElapsedCallback)
    HAL_TIM_PWM_ConfigChannel                0x080020e3   Thumb Code   204  stm32f4xx_hal_tim.o(i.HAL_TIM_PWM_ConfigChannel)
    HAL_TIM_PWM_Init                         0x080021af   Thumb Code    90  stm32f4xx_hal_tim.o(i.HAL_TIM_PWM_Init)
    HAL_TIM_PWM_MspInit                      0x08002209   Thumb Code     2  stm32f4xx_hal_tim.o(i.HAL_TIM_PWM_MspInit)
    HAL_TIM_PWM_PulseFinishedCallback        0x0800220b   Thumb Code     2  stm32f4xx_hal_tim.o(i.HAL_TIM_PWM_PulseFinishedCallback)
    HAL_TIM_PWM_Start                        0x0800220d   Thumb Code   172  stm32f4xx_hal_tim.o(i.HAL_TIM_PWM_Start)
    HAL_TIM_PeriodElapsedCallback            0x080022d5   Thumb Code    14  main.o(i.HAL_TIM_PeriodElapsedCallback)
    HAL_TIM_ReadCapturedValue                0x080022e9   Thumb Code    42  stm32f4xx_hal_tim.o(i.HAL_TIM_ReadCapturedValue)
    HAL_TIM_TriggerCallback                  0x08002313   Thumb Code     2  stm32f4xx_hal_tim.o(i.HAL_TIM_TriggerCallback)
    HAL_UARTEx_RxEventCallback               0x08002315   Thumb Code     2  stm32f4xx_hal_uart.o(i.HAL_UARTEx_RxEventCallback)
    HAL_UART_ErrorCallback                   0x08002317   Thumb Code     2  stm32f4xx_hal_uart.o(i.HAL_UART_ErrorCallback)
    HAL_UART_IRQHandler                      0x08002319   Thumb Code   618  stm32f4xx_hal_uart.o(i.HAL_UART_IRQHandler)
    HAL_UART_Init                            0x08002589   Thumb Code   100  stm32f4xx_hal_uart.o(i.HAL_UART_Init)
    HAL_UART_MspInit                         0x080025ed   Thumb Code   280  usart.o(i.HAL_UART_MspInit)
    HAL_UART_Receive_IT                      0x08002725   Thumb Code    28  stm32f4xx_hal_uart.o(i.HAL_UART_Receive_IT)
    HAL_UART_RxCpltCallback                  0x08002741   Thumb Code    62  uart_callback.o(i.HAL_UART_RxCpltCallback)
    HAL_UART_Transmit                        0x08002791   Thumb Code   160  stm32f4xx_hal_uart.o(i.HAL_UART_Transmit)
    HAL_UART_Transmit_DMA                    0x08002831   Thumb Code   106  stm32f4xx_hal_uart.o(i.HAL_UART_Transmit_DMA)
    HAL_UART_TxCpltCallback                  0x080028a9   Thumb Code     2  stm32f4xx_hal_uart.o(i.HAL_UART_TxCpltCallback)
    HAL_UART_TxHalfCpltCallback              0x080028ab   Thumb Code     2  stm32f4xx_hal_uart.o(i.HAL_UART_TxHalfCpltCallback)
    HallSpeed_GetSignedSpeedMps              0x080028ad   Thumb Code    84  hall_speed.o(i.HallSpeed_GetSignedSpeedMps)
    HallSpeed_GetState                       0x0800290d   Thumb Code   170  hall_speed.o(i.HallSpeed_GetState)
    HallSpeed_Init                           0x080029c5   Thumb Code    38  hall_speed.o(i.HallSpeed_Init)
    HallSpeed_OnCountEvent                   0x080029f5   Thumb Code    50  hall_speed.o(i.HallSpeed_OnCountEvent)
    HallSpeed_SetCommandDirection            0x08002a2d   Thumb Code    32  hall_speed.o(i.HallSpeed_SetCommandDirection)
    HardFault_Handler                        0x08002a51   Thumb Code     2  stm32f4xx_it.o(i.HardFault_Handler)
    MX_ADC1_Init                             0x08002a55   Thumb Code   112  adc.o(i.MX_ADC1_Init)
    MX_DMA_Init                              0x08002ad1   Thumb Code    88  dma.o(i.MX_DMA_Init)
    MX_FREERTOS_Init                         0x08002b2d   Thumb Code   154  freertos.o(i.MX_FREERTOS_Init)
    MX_GPIO_Init                             0x08002c1d   Thumb Code   268  gpio.o(i.MX_GPIO_Init)
    MX_TIM4_Init                             0x08002d39   Thumb Code   172  tim.o(i.MX_TIM4_Init)
    MX_TIM6_Init                             0x08002ded   Thumb Code    62  tim.o(i.MX_TIM6_Init)
    MX_TIM8_Init                             0x08002e35   Thumb Code   208  tim.o(i.MX_TIM8_Init)
    MX_UART4_Init                            0x08002f0d   Thumb Code    48  usart.o(i.MX_UART4_Init)
    MX_USART1_UART_Init                      0x08002f45   Thumb Code    48  usart.o(i.MX_USART1_UART_Init)
    MemManage_Handler                        0x08002f7d   Thumb Code     2  stm32f4xx_it.o(i.MemManage_Handler)
    NMI_Handler                              0x08002f7f   Thumb Code     2  stm32f4xx_it.o(i.NMI_Handler)
    RobotDataTransmitTask                    0x08003329   Thumb Code   324  data_task.o(i.RobotDataTransmitTask)
    SerialControlTask                        0x08003489   Thumb Code   348  serialcontrol_task.o(i.SerialControlTask)
    ServoBasic_GetOrinFeedback               0x080035f5   Thumb Code    76  servo_basic_control.o(i.ServoBasic_GetOrinFeedback)
    ServoBasic_GetState                      0x08003649   Thumb Code     4  servo_basic_control.o(i.ServoBasic_GetState)
    ServoBasic_Init                          0x08003651   Thumb Code   124  servo_basic_control.o(i.ServoBasic_Init)
    ServoBasic_IsRcEmergencyActive           0x080036d5   Thumb Code     6  servo_basic_control.o(i.ServoBasic_IsRcEmergencyActive)
    ServoBasic_IsRcOverrideActive            0x080036e1   Thumb Code     6  servo_basic_control.o(i.ServoBasic_IsRcOverrideActive)
    ServoBasic_OutputEscPulse                0x080036ed   Thumb Code    26  servo_basic_output.o(i.ServoBasic_OutputEscPulse)
    ServoBasic_OutputServoPulse              0x0800370d   Thumb Code    26  servo_basic_output.o(i.ServoBasic_OutputServoPulse)
    ServoBasic_ProcessControl                0x0800372d   Thumb Code   186  servo_basic_control.o(i.ServoBasic_ProcessControl)
    ServoBasic_ResetSpeedPi                  0x080037f1   Thumb Code     4  servo_basic_control.o(i.ServoBasic_ResetSpeedPi)
    ServoBasic_SetSpeedPiEnable              0x080037f5   Thumb Code    12  servo_basic_control.o(i.ServoBasic_SetSpeedPiEnable)
    ServoBasic_SetSpeedPiKi                  0x08003805   Thumb Code    24  servo_basic_control.o(i.ServoBasic_SetSpeedPiKi)
    ServoBasic_SetSpeedPiKp                  0x08003825   Thumb Code    24  servo_basic_control.o(i.ServoBasic_SetSpeedPiKp)
    ServoBasic_SetSpeedPiTrimLimitUs         0x08003845   Thumb Code    14  servo_basic_control.o(i.ServoBasic_SetSpeedPiTrimLimitUs)
    ServoBasic_Task                          0x08003859   Thumb Code    40  servo_basic_control.o(i.ServoBasic_Task)
    ServoBasic_UpdateFromOrin                0x08003885   Thumb Code   252  servo_basic_control.o(i.ServoBasic_UpdateFromOrin)
    ServoRC_Capture_Init                     0x0800398d   Thumb Code   118  servo_rc_capture.o(i.ServoRC_Capture_Init)
    ServoRC_GetGuardPulse                    0x08003a0d   Thumb Code     6  servo_rc_capture.o(i.ServoRC_GetGuardPulse)
    ServoRC_GetSteeringPulse                 0x08003a19   Thumb Code     6  servo_rc_capture.o(i.ServoRC_GetSteeringPulse)
    ServoRC_GetThrottlePulse                 0x08003a25   Thumb Code     6  servo_rc_capture.o(i.ServoRC_GetThrottlePulse)
    ServoRC_HasGuardFault                    0x08003b75   Thumb Code     6  servo_rc_capture.o(i.ServoRC_HasGuardFault)
    ServoRC_HasSteeringFault                 0x08003b81   Thumb Code     6  servo_rc_capture.o(i.ServoRC_HasSteeringFault)
    ServoRC_HasThrottleFault                 0x08003b8d   Thumb Code     6  servo_rc_capture.o(i.ServoRC_HasThrottleFault)
    ServoRC_IC_CaptureCallback               0x08003b99   Thumb Code    54  servo_rc_capture.o(i.ServoRC_IC_CaptureCallback)
    ServoRC_IsGuardActive                    0x08003bf9   Thumb Code     8  servo_rc_capture.o(i.ServoRC_IsGuardActive)
    ServoRC_IsSteeringActive                 0x08003c05   Thumb Code     8  servo_rc_capture.o(i.ServoRC_IsSteeringActive)
    ServoRC_IsThrottleActive                 0x08003c11   Thumb Code     8  servo_rc_capture.o(i.ServoRC_IsThrottleActive)
    StartInitTask                            0x08003c1d   Thumb Code    24  freertos.o(i.StartInitTask)
    SysTick_Handler                          0x08003c39   Thumb Code    26  cmsis_os2.o(i.SysTick_Handler)
    SystemClock_Config                       0x08003c55   Thumb Code   140  main.o(i.SystemClock_Config)
    SystemInit                               0x08003ce9   Thumb Code    12  system_stm32f4xx.o(i.SystemInit)
    TIM4_IRQHandler                          0x08003cf9   Thumb Code     6  stm32f4xx_it.o(i.TIM4_IRQHandler)
    TIM7_IRQHandler                          0x08003d05   Thumb Code     6  stm32f4xx_it.o(i.TIM7_IRQHandler)
    TIM_Base_SetConfig                       0x08003d11   Thumb Code   170  stm32f4xx_hal_tim.o(i.TIM_Base_SetConfig)
    TIM_CCxChannelCmd                        0x08003de9   Thumb Code    26  stm32f4xx_hal_tim.o(i.TIM_CCxChannelCmd)
    TIM_ETR_SetConfig                        0x08003e03   Thumb Code    20  stm32f4xx_hal_tim.o(i.TIM_ETR_SetConfig)
    TIM_OC2_SetConfig                        0x08003e89   Thumb Code    98  stm32f4xx_hal_tim.o(i.TIM_OC2_SetConfig)
    TIM_TI1_SetConfig                        0x08003fd1   Thumb Code   100  stm32f4xx_hal_tim.o(i.TIM_TI1_SetConfig)
    UART4_IRQHandler                         0x080040ad   Thumb Code     6  stm32f4xx_it.o(i.UART4_IRQHandler)
    UART_Start_Receive_IT                    0x08004399   Thumb Code    54  stm32f4xx_hal_uart.o(i.UART_Start_Receive_IT)
    USART1_IRQHandler                        0x08004441   Thumb Code     6  stm32f4xx_it.o(i.USART1_IRQHandler)
    USER_ADC_Get_AdcBufValue                 0x0800444d   Thumb Code    44  bsp_adc.o(i.USER_ADC_Get_AdcBufValue)
    UsageFault_Handler                       0x0800447d   Thumb Code     2  stm32f4xx_it.o(i.UsageFault_Handler)
    __0printf$3                              0x08004481   Thumb Code    22  printf3.o(i.__0printf$3)
    __1printf$3                              0x08004481   Thumb Code     0  printf3.o(i.__0printf$3)
    __2printf                                0x08004481   Thumb Code     0  printf3.o(i.__0printf$3)
    __ARM_fpclassifyf                        0x080044a1   Thumb Code    38  fpclassifyf.o(i.__ARM_fpclassifyf)
    __hardfp_atanf                           0x080044e9   Thumb Code   296  atanf.o(i.__hardfp_atanf)
    __hardfp_tanf                            0x08004649   Thumb Code   322  tanf.o(i.__hardfp_tanf)
    __mathlib_flt_infnan                     0x080047c5   Thumb Code     6  funder.o(i.__mathlib_flt_infnan)
    __mathlib_flt_invalid                    0x080047cd   Thumb Code    10  funder.o(i.__mathlib_flt_invalid)
    __mathlib_flt_underflow                  0x080047dd   Thumb Code    10  funder.o(i.__mathlib_flt_underflow)
    __mathlib_rredf2                         0x080047ed   Thumb Code   316  rredf.o(i.__mathlib_rredf2)
    __scatterload_copy                       0x08004941   Thumb Code    14  handlers.o(i.__scatterload_copy)
    __scatterload_null                       0x0800494f   Thumb Code     2  handlers.o(i.__scatterload_null)
    __scatterload_zeroinit                   0x08004951   Thumb Code    14  handlers.o(i.__scatterload_zeroinit)
    __set_errno                              0x08004961   Thumb Code     6  errno.o(i.__set_errno)
    configureTimerForRunTimeStats            0x08004cc5   Thumb Code     8  freertos.o(i.configureTimerForRunTimeStats)
    fputc                                    0x08004d25   Thumb Code    24  main.o(i.fputc)
    getRunTimeCounterValue                   0x08004d41   Thumb Code    38  freertos.o(i.getRunTimeCounterValue)
    main                                     0x08004fd1   Thumb Code   122  main.o(i.main)
    osKernelInitialize                       0x080054fd   Thumb Code    32  cmsis_os2.o(i.osKernelInitialize)
    osKernelStart                            0x08005521   Thumb Code    48  cmsis_os2.o(i.osKernelStart)
    osThreadNew                              0x08005559   Thumb Code   138  cmsis_os2.o(i.osThreadNew)
    pvPortMalloc                             0x08005db1   Thumb Code   226  heap_4.o(i.pvPortMalloc)
    pxPortInitialiseStack                    0x08005e99   Thumb Code    40  port.o(i.pxPortInitialiseStack)
    show_task                                0x08006685   Thumb Code    22  show_task.o(i.show_task)
    uxListRemove                             0x08006b19   Thumb Code    38  list.o(i.uxListRemove)
    vApplicationGetIdleTaskMemory            0x08006b41   Thumb Code    16  cmsis_os2.o(i.vApplicationGetIdleTaskMemory)
    vApplicationGetTimerTaskMemory           0x08006b55   Thumb Code    18  cmsis_os2.o(i.vApplicationGetTimerTaskMemory)
    vApplicationIdleHook                     0x08006b6d   Thumb Code     2  freertos.o(i.vApplicationIdleHook)
    vApplicationMallocFailedHook             0x08006b71   Thumb Code     6  freertos.o(i.vApplicationMallocFailedHook)
    vApplicationStackOverflowHook            0x08006b99   Thumb Code     6  freertos.o(i.vApplicationStackOverflowHook)
    vListInitialise                          0x08006bb5   Thumb Code    22  list.o(i.vListInitialise)
    vListInitialiseItem                      0x08006bcb   Thumb Code     6  list.o(i.vListInitialiseItem)
    vListInsert                              0x08006bd1   Thumb Code    48  list.o(i.vListInsert)
    vListInsertEnd                           0x08006c01   Thumb Code    24  list.o(i.vListInsertEnd)
    vPortEnterCritical                       0x08006c19   Thumb Code    54  port.o(i.vPortEnterCritical)
    vPortExitCritical                        0x08006c59   Thumb Code    34  port.o(i.vPortExitCritical)
    vPortFree                                0x08006c81   Thumb Code    94  heap_4.o(i.vPortFree)
    vPortSetupTimerInterrupt                 0x08006ce5   Thumb Code    32  port.o(i.vPortSetupTimerInterrupt)
    vPortValidateInterruptPriority           0x08006d09   Thumb Code    74  port.o(i.vPortValidateInterruptPriority)
    vQueueAddToRegistry                      0x08006d5d   Thumb Code    34  queue.o(i.vQueueAddToRegistry)
    vQueueWaitForMessageRestricted           0x08006d85   Thumb Code    68  queue.o(i.vQueueWaitForMessageRestricted)
    vTaskDelay                               0x08006dc9   Thumb Code    66  tasks.o(i.vTaskDelay)
    vTaskDelayUntil                          0x08006e15   Thumb Code   132  tasks.o(i.vTaskDelayUntil)
    vTaskDelete                              0x08006ea1   Thumb Code   130  tasks.o(i.vTaskDelete)
    vTaskInternalSetTimeOutState             0x08006f31   Thumb Code    12  tasks.o(i.vTaskInternalSetTimeOutState)
    vTaskMissedYield                         0x08006f41   Thumb Code     8  tasks.o(i.vTaskMissedYield)
    vTaskPlaceOnEventList                    0x08006f4d   Thumb Code    44  tasks.o(i.vTaskPlaceOnEventList)
    vTaskPlaceOnEventListRestricted          0x08006f7d   Thumb Code    52  tasks.o(i.vTaskPlaceOnEventListRestricted)
    vTaskStartScheduler                      0x08006fb5   Thumb Code   122  tasks.o(i.vTaskStartScheduler)
    vTaskSuspendAll                          0x08007041   Thumb Code    10  tasks.o(i.vTaskSuspendAll)
    vTaskSwitchContext                       0x08007051   Thumb Code   156  tasks.o(i.vTaskSwitchContext)
    xPortStartScheduler                      0x080070f5   Thumb Code   222  port.o(i.xPortStartScheduler)
    xPortSysTickHandler                      0x080071e9   Thumb Code    38  port.o(i.xPortSysTickHandler)
    xQueueGenericCreate                      0x08007215   Thumb Code    66  queue.o(i.xQueueGenericCreate)
    xQueueGenericCreateStatic                0x08007257   Thumb Code   102  queue.o(i.xQueueGenericCreateStatic)
    xQueueGenericReset                       0x080072bd   Thumb Code   132  queue.o(i.xQueueGenericReset)
    xQueueGenericSend                        0x08007345   Thumb Code   346  queue.o(i.xQueueGenericSend)
    xQueueGenericSendFromISR                 0x080074a5   Thumb Code   190  queue.o(i.xQueueGenericSendFromISR)
    xQueueReceive                            0x08007565   Thumb Code   308  queue.o(i.xQueueReceive)
    xTaskCheckForTimeOut                     0x0800769d   Thumb Code   112  tasks.o(i.xTaskCheckForTimeOut)
    xTaskCreate                              0x08007711   Thumb Code    90  tasks.o(i.xTaskCreate)
    xTaskCreateStatic                        0x0800776b   Thumb Code    86  tasks.o(i.xTaskCreateStatic)
    xTaskGetSchedulerState                   0x080077c1   Thumb Code    22  tasks.o(i.xTaskGetSchedulerState)
    xTaskGetTickCount                        0x080077dd   Thumb Code     6  tasks.o(i.xTaskGetTickCount)
    xTaskIncrementTick                       0x080077e9   Thumb Code   192  tasks.o(i.xTaskIncrementTick)
    xTaskPriorityDisinherit                  0x080078b1   Thumb Code   118  tasks.o(i.xTaskPriorityDisinherit)
    xTaskRemoveFromEventList                 0x08007931   Thumb Code    98  tasks.o(i.xTaskRemoveFromEventList)
    xTaskResumeAll                           0x080079a1   Thumb Code   182  tasks.o(i.xTaskResumeAll)
    xTimerCreateTimerTask                    0x08007a65   Thumb Code    78  timers.o(i.xTimerCreateTimerTask)
    xTimerGenericCommand                     0x08007ac5   Thumb Code    98  timers.o(i.xTimerGenericCommand)
    InitTask_attributes                      0x08007b2c   Data          36  freertos.o(.constdata)
    AHBPrescTable                            0x08007b58   Data          16  system_stm32f4xx.o(.constdata)
    APBPrescTable                            0x08007b68   Data           8  system_stm32f4xx.o(.constdata)
    oled_asc2_1206                           0x08007b70   Data        1140  bsp_oled.o(.constdata)
    oled_asc2_1608                           0x08007fe4   Data        1520  bsp_oled.o(.constdata)
    Region$$Table$$Base                      0x08008668   Number         0  anon$$obj.o(Region$$Table)
    Region$$Table$$Limit                     0x08008688   Number         0  anon$$obj.o(Region$$Table)
    rosbuffer                                0x20000000   Data           1  main.o(.data)
    DebugSerial                              0x20000004   Data           4  main.o(.data)
    g_xQueueROSserial                        0x2000000c   Data           4  freertos.o(.data)
    g_servoTaskHandle                        0x20000010   Data           4  freertos.o(.data)
    InitTaskHandle                           0x20000018   Data           4  freertos.o(.data)
    uwTickFreq                               0x2000001c   Data           1  stm32f4xx_hal.o(.data)
    uwTickPrio                               0x20000020   Data           4  stm32f4xx_hal.o(.data)
    uwTick                                   0x20000024   Data           4  stm32f4xx_hal.o(.data)
    SystemCoreClock                          0x20000028   Data           4  system_stm32f4xx.o(.data)
    pxCurrentTCB                             0x2000002c   Data           4  tasks.o(.data)
    UserBuzzer                               0x200000b8   Data          20  bsp_buzzer.o(.data)
    UserOLED                                 0x200000cc   Data          32  bsp_oled.o(.data)
    g_debug_servo_trigger                    0x2000011c   Data           4  servo_basic_control.o(.data)
    g_debug_servo_cmd                        0x20000120   Data           4  servo_basic_control.o(.data)
    g_debug_servo_value                      0x20000124   Data           4  servo_basic_control.o(.data)
    g_rc_pwm_follow_raw                      0x20000128   Data           4  servo_basic_control.o(.data)
    g_rc_signal_timeout_ms                   0x2000012c   Data           4  servo_basic_control.o(.data)
    g_orin_pwm_enable                        0x20000130   Data           4  servo_basic_control.o(.data)
    g_orin_pwm_timeout_ms                    0x20000134   Data           4  servo_basic_control.o(.data)
    g_orin_ackermann_wheelbase_mm            0x20000138   Data           4  servo_basic_control.o(.data)
    g_orin_ackermann_track_width_mm          0x2000013c   Data           4  servo_basic_control.o(.data)
    g_orin_ackermann_wheel_radius_mm         0x20000140   Data           4  servo_basic_control.o(.data)
    g_orin_ackermann_max_steering_millirad   0x20000144   Data           4  servo_basic_control.o(.data)
    g_orin_ackermann_min_vx_mmps             0x20000148   Data           4  servo_basic_control.o(.data)
    g_orin_vx_scale                          0x2000014c   Data           4  servo_basic_control.o(.data)
    g_orin_vx_forward_cap_mmps               0x20000150   Data           4  servo_basic_control.o(.data)
    g_orin_vx_reverse_cap_mmps               0x20000154   Data           4  servo_basic_control.o(.data)
    g_orin_vx_max_mmps                       0x20000158   Data           4  servo_basic_control.o(.data)
    g_orin_vz_max_millirad                   0x2000015c   Data           4  servo_basic_control.o(.data)
    g_orin_esc_center_us                     0x20000160   Data           4  servo_basic_control.o(.data)
    g_orin_servo_center_us                   0x20000164   Data           4  servo_basic_control.o(.data)
    g_orin_servo_range_us                    0x20000168   Data           4  servo_basic_control.o(.data)
    g_hall_speed_limit_mmps                  0x2000016c   Data           4  servo_basic_control.o(.data)
    g_hall_speed_limit_release_mmps          0x20000170   Data           4  servo_basic_control.o(.data)
    g_hall_speed_limit_active                0x20000174   Data           4  servo_basic_control.o(.data)
    g_speed_pi_enable                        0x20000178   Data           4  servo_basic_control.o(.data)
    g_speed_pi_kp                            0x2000017c   Data           4  servo_basic_control.o(.data)
    g_speed_pi_ki                            0x20000180   Data           4  servo_basic_control.o(.data)
    g_speed_pi_trim_limit_us                 0x20000184   Data           4  servo_basic_control.o(.data)
    g_speed_pi_target_vx_mps                 0x20000188   Data           4  servo_basic_control.o(.data)
    g_speed_pi_feedback_vx_mps               0x2000018c   Data           4  servo_basic_control.o(.data)
    g_speed_pi_error_mps                     0x20000190   Data           4  servo_basic_control.o(.data)
    g_speed_pi_integral                      0x20000194   Data           4  servo_basic_control.o(.data)
    g_speed_pi_base_us                       0x20000198   Data           4  servo_basic_control.o(.data)
    g_speed_pi_trim_us                       0x2000019c   Data           4  servo_basic_control.o(.data)
    g_speed_pi_final_us                      0x200001a0   Data           4  servo_basic_control.o(.data)
    g_speed_pi_feedback_valid                0x200001a4   Data           4  servo_basic_control.o(.data)
    g_speed_pi_saturated                     0x200001a8   Data           4  servo_basic_control.o(.data)
    g_rc_debounce_enable                     0x200001ac   Data           4  servo_basic_control.o(.data)
    g_rc_debounce_deadband_us                0x200001b0   Data           4  servo_basic_control.o(.data)
    g_rc_debounce_smooth_div                 0x200001b4   Data           4  servo_basic_control.o(.data)
    g_rc_glitch_freeze_ms                    0x200001b8   Data           4  servo_basic_control.o(.data)
    g_rc_throttle_neutral_hold_us            0x200001bc   Data           4  servo_basic_control.o(.data)
    g_rc_throttle_jump_confirm_us            0x200001c0   Data           4  servo_basic_control.o(.data)
    g_rc_steering_jump_confirm_us            0x200001c4   Data           4  servo_basic_control.o(.data)
    g_rc_jump_confirm_samples                0x200001c8   Data           4  servo_basic_control.o(.data)
    g_rc_override_center_us                  0x200001cc   Data           4  servo_basic_control.o(.data)
    g_rc_override_enter_threshold_us         0x200001d0   Data           4  servo_basic_control.o(.data)
    g_rc_override_exit_threshold_us          0x200001d4   Data           4  servo_basic_control.o(.data)
    g_rc_override_enter_samples              0x200001d8   Data           4  servo_basic_control.o(.data)
    g_rc_override_release_hold_ms            0x200001dc   Data           4  servo_basic_control.o(.data)
    g_rc_guard_enable                        0x200001e0   Data           4  servo_basic_control.o(.data)
    g_rc_guard_active_high                   0x200001e4   Data           4  servo_basic_control.o(.data)
    g_rc_guard_active_low_threshold_us       0x200001e8   Data           4  servo_basic_control.o(.data)
    g_rc_guard_active_high_threshold_us      0x200001ec   Data           4  servo_basic_control.o(.data)
    g_rc_throttle_last_good_us               0x200001f0   Data           4  servo_basic_control.o(.data)
    g_rc_steering_last_good_us               0x200001f4   Data           4  servo_basic_control.o(.data)
    g_rc_throttle_glitch_active              0x200001f8   Data           4  servo_basic_control.o(.data)
    g_rc_steering_glitch_active              0x200001fc   Data           4  servo_basic_control.o(.data)
    g_rc_input_fault_active                  0x20000200   Data           4  servo_basic_control.o(.data)
    g_rc_valid_min_us                        0x20000234   Data           4  servo_basic_control.o(.data)
    g_rc_valid_max_us                        0x20000238   Data           4  servo_basic_control.o(.data)
    g_rc_capture_active_high                 0x2000023c   Data           4  servo_rc_capture.o(.data)
    __stdout                                 0x20000244   Data           4  stdout.o(.data)
    hadc1                                    0x2000024c   Data          72  adc.o(.bss)
    hdma_adc1                                0x20000294   Data          96  adc.o(.bss)
    htim4                                    0x200002f4   Data          72  tim.o(.bss)
    htim6                                    0x2000033c   Data          72  tim.o(.bss)
    htim8                                    0x20000384   Data          72  tim.o(.bss)
    huart4                                   0x200003cc   Data          72  usart.o(.bss)
    huart1                                   0x20000414   Data          72  usart.o(.bss)
    hdma_uart4_tx                            0x2000045c   Data          96  usart.o(.bss)
    hdma_usart1_tx                           0x200004bc   Data          96  usart.o(.bss)
    htim7                                    0x2000051c   Data          72  stm32f4xx_hal_timebase_tim.o(.bss)
    xQueueRegistry                           0x20000564   Data          64  queue.o(.bss)
    OLED_GRAM                                0x2000da4c   Data        1024  bsp_oled.o(.bss)
    g_app_runtime_state                      0x2000df8c   Data          24  app_runtime_state.o(.bss)
    g_hall_speed_state                       0x2000dff4   Data          24  hall_speed.o(.bss)
    __initial_sp                             0x2000e410   Data           0  startup_stm32f407xx.o(STACK)



==============================================================================

Memory Map of the image

  Image Entry point : 0x08000189

  Load Region LR_IROM1 (Base: 0x08000000, Size: 0x000088d4, Max: 0x00080000, ABSOLUTE, COMPRESSED[0x00008748])

    Execution Region ER_IROM1 (Exec base: 0x08000000, Load base: 0x08000000, Size: 0x00008688, Max: 0x00080000, ABSOLUTE)

    Exec Addr    Load Addr    Size         Type   Attr      Idx    E Section Name        Object

    0x08000000   0x08000000   0x00000188   Data   RO            3    RESET               startup_stm32f407xx.o
    0x08000188   0x08000188   0x00000000   Code   RO         6286  * .ARM.Collect$$$$00000000  mc_w.l(entry.o)
    0x08000188   0x08000188   0x00000004   Code   RO         6585    .ARM.Collect$$$$00000001  mc_w.l(entry2.o)
    0x0800018c   0x0800018c   0x00000004   Code   RO         6588    .ARM.Collect$$$$00000004  mc_w.l(entry5.o)
    0x08000190   0x08000190   0x00000000   Code   RO         6590    .ARM.Collect$$$$00000008  mc_w.l(entry7b.o)
    0x08000190   0x08000190   0x00000000   Code   RO         6592    .ARM.Collect$$$$0000000A  mc_w.l(entry8b.o)
    0x08000190   0x08000190   0x00000008   Code   RO         6593    .ARM.Collect$$$$0000000B  mc_w.l(entry9a.o)
    0x08000198   0x08000198   0x00000004   Code   RO         6600    .ARM.Collect$$$$0000000E  mc_w.l(entry12b.o)
    0x0800019c   0x0800019c   0x00000000   Code   RO         6595    .ARM.Collect$$$$0000000F  mc_w.l(entry10a.o)
    0x0800019c   0x0800019c   0x00000000   Code   RO         6597    .ARM.Collect$$$$00000011  mc_w.l(entry11a.o)
    0x0800019c   0x0800019c   0x00000004   Code   RO         6586    .ARM.Collect$$$$00002712  mc_w.l(entry2.o)
    0x080001a0   0x080001a0   0x000000be   Code   RO         5190    .emb_text           port.o
    0x0800025e   0x0800025e   0x00000002   PAD
    0x08000260   0x08000260   0x00000024   Code   RO            4    .text               startup_stm32f407xx.o
    0x08000284   0x08000284   0x00000062   Code   RO         6289    .text               mc_w.l(uldiv.o)
    0x080002e6   0x080002e6   0x00000062   Code   RO         6291    .text               mc_w.l(ldiv.o)
    0x08000348   0x08000348   0x00000024   Code   RO         6293    .text               mc_w.l(memcpya.o)
    0x0800036c   0x0800036c   0x00000024   Code   RO         6297    .text               mc_w.l(memseta.o)
    0x08000390   0x08000390   0x0000002c   Code   RO         6602    .text               mc_w.l(uidiv.o)
    0x080003bc   0x080003bc   0x0000001e   Code   RO         6604    .text               mc_w.l(llshl.o)
    0x080003da   0x080003da   0x00000020   Code   RO         6606    .text               mc_w.l(llushr.o)
    0x080003fa   0x080003fa   0x00000000   Code   RO         6615    .text               mc_w.l(iusefp.o)
    0x080003fa   0x080003fa   0x00000002   PAD
    0x080003fc   0x080003fc   0x00000024   Code   RO         6626    .text               mc_w.l(init.o)
    0x08000420   0x08000420   0x00000056   Code   RO         6640    .text               mc_w.l(__dczerorl2.o)
    0x08000476   0x08000476   0x0000006e   Code   RO         2809    i.ADC_DMAConvCplt   stm32f4xx_hal_adc.o
    0x080004e4   0x080004e4   0x00000016   Code   RO         2810    i.ADC_DMAError      stm32f4xx_hal_adc.o
    0x080004fa   0x080004fa   0x0000000a   Code   RO         2811    i.ADC_DMAHalfConvCplt  stm32f4xx_hal_adc.o
    0x08000504   0x08000504   0x00000128   Code   RO         2812    i.ADC_Init          stm32f4xx_hal_adc.o
    0x0800062c   0x0800062c   0x00000014   Code   RO         5476    i.ADC_Userconfig_Init  bsp_adc.o
    0x08000640   0x08000640   0x000000a0   Code   RO           13    i.App_DetectHardwareVersion  main.o
    0x080006e0   0x080006e0   0x00000002   Code   RO          529    i.BusFault_Handler  stm32f4xx_it.o
    0x080006e2   0x080006e2   0x00000018   Code   RO         5508    i.Calculate_BCC     serialcontrol_task.o
    0x080006fa   0x080006fa   0x00000002   PAD
    0x080006fc   0x080006fc   0x0000000c   Code   RO          530    i.DMA1_Stream4_IRQHandler  stm32f4xx_it.o
    0x08000708   0x08000708   0x0000000c   Code   RO          531    i.DMA2_Stream0_IRQHandler  stm32f4xx_it.o
    0x08000714   0x08000714   0x0000000c   Code   RO          532    i.DMA2_Stream7_IRQHandler  stm32f4xx_it.o
    0x08000720   0x08000720   0x00000028   Code   RO         2130    i.DMA_CalcBaseAndBitshift  stm32f4xx_hal_dma.o
    0x08000748   0x08000748   0x00000054   Code   RO         2131    i.DMA_CheckFifoParam  stm32f4xx_hal_dma.o
    0x0800079c   0x0800079c   0x00000028   Code   RO         2132    i.DMA_SetConfig     stm32f4xx_hal_dma.o
    0x080007c4   0x080007c4   0x00000028   Code   RO         5323    i.DWT_Init          bsp_dwt.o
    0x080007ec   0x080007ec   0x00000002   Code   RO          533    i.DebugMon_Handler  stm32f4xx_it.o
    0x080007ee   0x080007ee   0x00000002   PAD
    0x080007f0   0x080007f0   0x00000028   Code   RO          534    i.EXTI15_10_IRQHandler  stm32f4xx_it.o
    0x08000818   0x08000818   0x00000004   Code   RO           14    i.Error_Handler     main.o
    0x0800081c   0x0800081c   0x0000014c   Code   RO         2814    i.HAL_ADC_ConfigChannel  stm32f4xx_hal_adc.o
    0x08000968   0x08000968   0x00000002   Code   RO         2815    i.HAL_ADC_ConvCpltCallback  stm32f4xx_hal_adc.o
    0x0800096a   0x0800096a   0x00000002   Code   RO         2816    i.HAL_ADC_ConvHalfCpltCallback  stm32f4xx_hal_adc.o
    0x0800096c   0x0800096c   0x00000002   Code   RO         2818    i.HAL_ADC_ErrorCallback  stm32f4xx_hal_adc.o
    0x0800096e   0x0800096e   0x00000054   Code   RO         2823    i.HAL_ADC_Init      stm32f4xx_hal_adc.o
    0x080009c2   0x080009c2   0x00000002   PAD
    0x080009c4   0x080009c4   0x00000098   Code   RO          356    i.HAL_ADC_MspInit   adc.o
    0x08000a5c   0x08000a5c   0x00000154   Code   RO         2830    i.HAL_ADC_Start_DMA  stm32f4xx_hal_adc.o
    0x08000bb0   0x08000bb0   0x00000092   Code   RO         2133    i.HAL_DMA_Abort     stm32f4xx_hal_dma.o
    0x08000c42   0x08000c42   0x00000024   Code   RO         2134    i.HAL_DMA_Abort_IT  stm32f4xx_hal_dma.o
    0x08000c66   0x08000c66   0x00000002   PAD
    0x08000c68   0x08000c68   0x000001a0   Code   RO         2138    i.HAL_DMA_IRQHandler  stm32f4xx_hal_dma.o
    0x08000e08   0x08000e08   0x000000d4   Code   RO         2139    i.HAL_DMA_Init      stm32f4xx_hal_dma.o
    0x08000edc   0x08000edc   0x0000006e   Code   RO         2143    i.HAL_DMA_Start_IT  stm32f4xx_hal_dma.o
    0x08000f4a   0x08000f4a   0x00000002   PAD
    0x08000f4c   0x08000f4c   0x00000024   Code   RO         2558    i.HAL_Delay         stm32f4xx_hal.o
    0x08000f70   0x08000f70   0x00000014   Code   RO         6199    i.HAL_GPIO_EXTI_Callback  hall_speed.o
    0x08000f84   0x08000f84   0x00000018   Code   RO         2025    i.HAL_GPIO_EXTI_IRQHandler  stm32f4xx_hal_gpio.o
    0x08000f9c   0x08000f9c   0x000001f0   Code   RO         2026    i.HAL_GPIO_Init     stm32f4xx_hal_gpio.o
    0x0800118c   0x0800118c   0x0000000a   Code   RO         2028    i.HAL_GPIO_ReadPin  stm32f4xx_hal_gpio.o
    0x08001196   0x08001196   0x00000010   Code   RO         2029    i.HAL_GPIO_TogglePin  stm32f4xx_hal_gpio.o
    0x080011a6   0x080011a6   0x0000000a   Code   RO         2030    i.HAL_GPIO_WritePin  stm32f4xx_hal_gpio.o
    0x080011b0   0x080011b0   0x0000000c   Code   RO         2564    i.HAL_GetTick       stm32f4xx_hal.o
    0x080011bc   0x080011bc   0x00000010   Code   RO         2570    i.HAL_IncTick       stm32f4xx_hal.o
    0x080011cc   0x080011cc   0x00000034   Code   RO         2571    i.HAL_Init          stm32f4xx_hal.o
    0x08001200   0x08001200   0x00000098   Code   RO          659    i.HAL_InitTick      stm32f4xx_hal_timebase_tim.o
    0x08001298   0x08001298   0x00000038   Code   RO          635    i.HAL_MspInit       stm32f4xx_hal_msp.o
    0x080012d0   0x080012d0   0x0000001a   Code   RO         2416    i.HAL_NVIC_EnableIRQ  stm32f4xx_hal_cortex.o
    0x080012ea   0x080012ea   0x00000002   PAD
    0x080012ec   0x080012ec   0x00000040   Code   RO         2422    i.HAL_NVIC_SetPriority  stm32f4xx_hal_cortex.o
    0x0800132c   0x0800132c   0x00000024   Code   RO         2423    i.HAL_NVIC_SetPriorityGrouping  stm32f4xx_hal_cortex.o
    0x08001350   0x08001350   0x00000134   Code   RO         1672    i.HAL_RCC_ClockConfig  stm32f4xx_hal_rcc.o
    0x08001484   0x08001484   0x00000040   Code   RO         1676    i.HAL_RCC_GetClockConfig  stm32f4xx_hal_rcc.o
    0x080014c4   0x080014c4   0x00000020   Code   RO         1679    i.HAL_RCC_GetPCLK1Freq  stm32f4xx_hal_rcc.o
    0x080014e4   0x080014e4   0x00000020   Code   RO         1680    i.HAL_RCC_GetPCLK2Freq  stm32f4xx_hal_rcc.o
    0x08001504   0x08001504   0x00000060   Code   RO         1681    i.HAL_RCC_GetSysClockFreq  stm32f4xx_hal_rcc.o
    0x08001564   0x08001564   0x0000036c   Code   RO         1684    i.HAL_RCC_OscConfig  stm32f4xx_hal_rcc.o
    0x080018d0   0x080018d0   0x00000002   Code   RO         1404    i.HAL_TIMEx_BreakCallback  stm32f4xx_hal_tim_ex.o
    0x080018d2   0x080018d2   0x00000002   Code   RO         1405    i.HAL_TIMEx_CommutCallback  stm32f4xx_hal_tim_ex.o
    0x080018d4   0x080018d4   0x00000054   Code   RO         1407    i.HAL_TIMEx_ConfigBreakDeadTime  stm32f4xx_hal_tim_ex.o
    0x08001928   0x08001928   0x00000090   Code   RO         1423    i.HAL_TIMEx_MasterConfigSynchronization  stm32f4xx_hal_tim_ex.o
    0x080019b8   0x080019b8   0x0000005a   Code   RO          700    i.HAL_TIM_Base_Init  stm32f4xx_hal_tim.o
    0x08001a12   0x08001a12   0x00000002   PAD
    0x08001a14   0x08001a14   0x000000c4   Code   RO          422    i.HAL_TIM_Base_MspInit  tim.o
    0x08001ad8   0x08001ad8   0x00000078   Code   RO          703    i.HAL_TIM_Base_Start  stm32f4xx_hal_tim.o
    0x08001b50   0x08001b50   0x00000080   Code   RO          705    i.HAL_TIM_Base_Start_IT  stm32f4xx_hal_tim.o
    0x08001bd0   0x08001bd0   0x000000dc   Code   RO          709    i.HAL_TIM_ConfigClockSource  stm32f4xx_hal_tim.o
    0x08001cac   0x08001cac   0x00000024   Code   RO         5646    i.HAL_TIM_IC_CaptureCallback  tim_capture_callback.o
    0x08001cd0   0x08001cd0   0x00000124   Code   RO          736    i.HAL_TIM_IC_ConfigChannel  stm32f4xx_hal_tim.o
    0x08001df4   0x08001df4   0x0000005a   Code   RO          739    i.HAL_TIM_IC_Init   stm32f4xx_hal_tim.o
    0x08001e4e   0x08001e4e   0x00000002   Code   RO          741    i.HAL_TIM_IC_MspInit  stm32f4xx_hal_tim.o
    0x08001e50   0x08001e50   0x0000010c   Code   RO          744    i.HAL_TIM_IC_Start_IT  stm32f4xx_hal_tim.o
    0x08001f5c   0x08001f5c   0x00000130   Code   RO          748    i.HAL_TIM_IRQHandler  stm32f4xx_hal_tim.o
    0x0800208c   0x0800208c   0x00000054   Code   RO          423    i.HAL_TIM_MspPostInit  tim.o
    0x080020e0   0x080020e0   0x00000002   Code   RO          751    i.HAL_TIM_OC_DelayElapsedCallback  stm32f4xx_hal_tim.o
    0x080020e2   0x080020e2   0x000000cc   Code   RO          772    i.HAL_TIM_PWM_ConfigChannel  stm32f4xx_hal_tim.o
    0x080021ae   0x080021ae   0x0000005a   Code   RO          775    i.HAL_TIM_PWM_Init  stm32f4xx_hal_tim.o
    0x08002208   0x08002208   0x00000002   Code   RO          777    i.HAL_TIM_PWM_MspInit  stm32f4xx_hal_tim.o
    0x0800220a   0x0800220a   0x00000002   Code   RO          778    i.HAL_TIM_PWM_PulseFinishedCallback  stm32f4xx_hal_tim.o
    0x0800220c   0x0800220c   0x000000c8   Code   RO          780    i.HAL_TIM_PWM_Start  stm32f4xx_hal_tim.o
    0x080022d4   0x080022d4   0x00000014   Code   RO           15    i.HAL_TIM_PeriodElapsedCallback  main.o
    0x080022e8   0x080022e8   0x0000002a   Code   RO          788    i.HAL_TIM_ReadCapturedValue  stm32f4xx_hal_tim.o
    0x08002312   0x08002312   0x00000002   Code   RO          791    i.HAL_TIM_TriggerCallback  stm32f4xx_hal_tim.o
    0x08002314   0x08002314   0x00000002   Code   RO         3099    i.HAL_UARTEx_RxEventCallback  stm32f4xx_hal_uart.o
    0x08002316   0x08002316   0x00000002   Code   RO         3113    i.HAL_UART_ErrorCallback  stm32f4xx_hal_uart.o
    0x08002318   0x08002318   0x00000270   Code   RO         3116    i.HAL_UART_IRQHandler  stm32f4xx_hal_uart.o
    0x08002588   0x08002588   0x00000064   Code   RO         3117    i.HAL_UART_Init     stm32f4xx_hal_uart.o
    0x080025ec   0x080025ec   0x00000138   Code   RO          482    i.HAL_UART_MspInit  usart.o
    0x08002724   0x08002724   0x0000001c   Code   RO         3122    i.HAL_UART_Receive_IT  stm32f4xx_hal_uart.o
    0x08002740   0x08002740   0x00000050   Code   RO         5674    i.HAL_UART_RxCpltCallback  uart_callback.o
    0x08002790   0x08002790   0x000000a0   Code   RO         3125    i.HAL_UART_Transmit  stm32f4xx_hal_uart.o
    0x08002830   0x08002830   0x00000078   Code   RO         3126    i.HAL_UART_Transmit_DMA  stm32f4xx_hal_uart.o
    0x080028a8   0x080028a8   0x00000002   Code   RO         3128    i.HAL_UART_TxCpltCallback  stm32f4xx_hal_uart.o
    0x080028aa   0x080028aa   0x00000002   Code   RO         3129    i.HAL_UART_TxHalfCpltCallback  stm32f4xx_hal_uart.o
    0x080028ac   0x080028ac   0x00000060   Code   RO         6200    i.HallSpeed_GetSignedSpeedMps  hall_speed.o
    0x0800290c   0x0800290c   0x000000b8   Code   RO         6201    i.HallSpeed_GetState  hall_speed.o
    0x080029c4   0x080029c4   0x00000030   Code   RO         6202    i.HallSpeed_Init    hall_speed.o
    0x080029f4   0x080029f4   0x00000038   Code   RO         6203    i.HallSpeed_OnCountEvent  hall_speed.o
    0x08002a2c   0x08002a2c   0x00000024   Code   RO         6204    i.HallSpeed_SetCommandDirection  hall_speed.o
    0x08002a50   0x08002a50   0x00000002   Code   RO          535    i.HardFault_Handler  stm32f4xx_it.o
    0x08002a52   0x08002a52   0x00000002   PAD
    0x08002a54   0x08002a54   0x0000007c   Code   RO          357    i.MX_ADC1_Init      adc.o
    0x08002ad0   0x08002ad0   0x0000005c   Code   RO          397    i.MX_DMA_Init       dma.o
    0x08002b2c   0x08002b2c   0x000000f0   Code   RO          272    i.MX_FREERTOS_Init  freertos.o
    0x08002c1c   0x08002c1c   0x0000011c   Code   RO          248    i.MX_GPIO_Init      gpio.o
    0x08002d38   0x08002d38   0x000000b4   Code   RO          424    i.MX_TIM4_Init      tim.o
    0x08002dec   0x08002dec   0x00000048   Code   RO          425    i.MX_TIM6_Init      tim.o
    0x08002e34   0x08002e34   0x000000d8   Code   RO          426    i.MX_TIM8_Init      tim.o
    0x08002f0c   0x08002f0c   0x00000038   Code   RO          483    i.MX_UART4_Init     usart.o
    0x08002f44   0x08002f44   0x00000038   Code   RO          484    i.MX_USART1_UART_Init  usart.o
    0x08002f7c   0x08002f7c   0x00000002   Code   RO          536    i.MemManage_Handler  stm32f4xx_it.o
    0x08002f7e   0x08002f7e   0x00000002   Code   RO          537    i.NMI_Handler       stm32f4xx_it.o
    0x08002f80   0x08002f80   0x0000002c   Code   RO         5358    i.OLED_Clear        bsp_oled.o
    0x08002fac   0x08002fac   0x0000003c   Code   RO         5359    i.OLED_DrawPoint    bsp_oled.o
    0x08002fe8   0x08002fe8   0x000000f8   Code   RO         5360    i.OLED_Init         bsp_oled.o
    0x080030e0   0x080030e0   0x0000004c   Code   RO         5361    i.OLED_Refresh_Gram  bsp_oled.o
    0x0800312c   0x0800312c   0x00000090   Code   RO         5362    i.OLED_ShowChar     bsp_oled.o
    0x080031bc   0x080031bc   0x00000080   Code   RO         5363    i.OLED_ShowNumber   bsp_oled.o
    0x0800323c   0x0800323c   0x0000003c   Code   RO         5364    i.OLED_ShowShortNum  bsp_oled.o
    0x08003278   0x08003278   0x0000003e   Code   RO         5365    i.OLED_ShowString   bsp_oled.o
    0x080032b6   0x080032b6   0x00000002   PAD
    0x080032b8   0x080032b8   0x00000070   Code   RO         5366    i.OLED_WR_Byte      bsp_oled.o
    0x08003328   0x08003328   0x00000160   Code   RO         5603    i.RobotDataTransmitTask  data_task.o
    0x08003488   0x08003488   0x0000016c   Code   RO         5509    i.SerialControlTask  serialcontrol_task.o
    0x080035f4   0x080035f4   0x00000054   Code   RO         5735    i.ServoBasic_GetOrinFeedback  servo_basic_control.o
    0x08003648   0x08003648   0x00000008   Code   RO         5736    i.ServoBasic_GetState  servo_basic_control.o
    0x08003650   0x08003650   0x00000084   Code   RO         5737    i.ServoBasic_Init   servo_basic_control.o
    0x080036d4   0x080036d4   0x0000000c   Code   RO         5738    i.ServoBasic_IsRcEmergencyActive  servo_basic_control.o
    0x080036e0   0x080036e0   0x0000000c   Code   RO         5739    i.ServoBasic_IsRcOverrideActive  servo_basic_control.o
    0x080036ec   0x080036ec   0x00000020   Code   RO         5699    i.ServoBasic_OutputEscPulse  servo_basic_output.o
    0x0800370c   0x0800370c   0x00000020   Code   RO         5700    i.ServoBasic_OutputServoPulse  servo_basic_output.o
    0x0800372c   0x0800372c   0x000000c4   Code   RO         5742    i.ServoBasic_ProcessControl  servo_basic_control.o
    0x080037f0   0x080037f0   0x00000004   Code   RO         5743    i.ServoBasic_ResetSpeedPi  servo_basic_control.o
    0x080037f4   0x080037f4   0x00000010   Code   RO         5744    i.ServoBasic_SetSpeedPiEnable  servo_basic_control.o
    0x08003804   0x08003804   0x00000020   Code   RO         5745    i.ServoBasic_SetSpeedPiKi  servo_basic_control.o
    0x08003824   0x08003824   0x00000020   Code   RO         5746    i.ServoBasic_SetSpeedPiKp  servo_basic_control.o
    0x08003844   0x08003844   0x00000014   Code   RO         5747    i.ServoBasic_SetSpeedPiTrimLimitUs  servo_basic_control.o
    0x08003858   0x08003858   0x0000002c   Code   RO         5748    i.ServoBasic_Task   servo_basic_control.o
    0x08003884   0x08003884   0x00000108   Code   RO         5749    i.ServoBasic_UpdateFromOrin  servo_basic_control.o
    0x0800398c   0x0800398c   0x00000080   Code   RO         6082    i.ServoRC_Capture_Init  servo_rc_capture.o
    0x08003a0c   0x08003a0c   0x0000000c   Code   RO         6083    i.ServoRC_GetGuardPulse  servo_rc_capture.o
    0x08003a18   0x08003a18   0x0000000c   Code   RO         6084    i.ServoRC_GetSteeringPulse  servo_rc_capture.o
    0x08003a24   0x08003a24   0x0000000c   Code   RO         6085    i.ServoRC_GetThrottlePulse  servo_rc_capture.o
    0x08003a30   0x08003a30   0x00000144   Code   RO         6086    i.ServoRC_HandleChannel  servo_rc_capture.o
    0x08003b74   0x08003b74   0x0000000c   Code   RO         6087    i.ServoRC_HasGuardFault  servo_rc_capture.o
    0x08003b80   0x08003b80   0x0000000c   Code   RO         6088    i.ServoRC_HasSteeringFault  servo_rc_capture.o
    0x08003b8c   0x08003b8c   0x0000000c   Code   RO         6089    i.ServoRC_HasThrottleFault  servo_rc_capture.o
    0x08003b98   0x08003b98   0x00000040   Code   RO         6090    i.ServoRC_IC_CaptureCallback  servo_rc_capture.o
    0x08003bd8   0x08003bd8   0x00000020   Code   RO         6091    i.ServoRC_IsActive  servo_rc_capture.o
    0x08003bf8   0x08003bf8   0x0000000c   Code   RO         6092    i.ServoRC_IsGuardActive  servo_rc_capture.o
    0x08003c04   0x08003c04   0x0000000c   Code   RO         6093    i.ServoRC_IsSteeringActive  servo_rc_capture.o
    0x08003c10   0x08003c10   0x0000000c   Code   RO         6094    i.ServoRC_IsThrottleActive  servo_rc_capture.o
    0x08003c1c   0x08003c1c   0x0000001c   Code   RO          273    i.StartInitTask     freertos.o
    0x08003c38   0x08003c38   0x0000001a   Code   RO         4616    i.SysTick_Handler   cmsis_os2.o
    0x08003c52   0x08003c52   0x00000002   PAD
    0x08003c54   0x08003c54   0x00000094   Code   RO           16    i.SystemClock_Config  main.o
    0x08003ce8   0x08003ce8   0x00000010   Code   RO         3451    i.SystemInit        system_stm32f4xx.o
    0x08003cf8   0x08003cf8   0x0000000c   Code   RO          538    i.TIM4_IRQHandler   stm32f4xx_it.o
    0x08003d04   0x08003d04   0x0000000c   Code   RO          539    i.TIM7_IRQHandler   stm32f4xx_it.o
    0x08003d10   0x08003d10   0x000000d8   Code   RO          793    i.TIM_Base_SetConfig  stm32f4xx_hal_tim.o
    0x08003de8   0x08003de8   0x0000001a   Code   RO          794    i.TIM_CCxChannelCmd  stm32f4xx_hal_tim.o
    0x08003e02   0x08003e02   0x00000014   Code   RO          804    i.TIM_ETR_SetConfig  stm32f4xx_hal_tim.o
    0x08003e16   0x08003e16   0x00000010   Code   RO          805    i.TIM_ITRx_SetConfig  stm32f4xx_hal_tim.o
    0x08003e26   0x08003e26   0x00000002   PAD
    0x08003e28   0x08003e28   0x00000060   Code   RO          806    i.TIM_OC1_SetConfig  stm32f4xx_hal_tim.o
    0x08003e88   0x08003e88   0x0000006c   Code   RO          807    i.TIM_OC2_SetConfig  stm32f4xx_hal_tim.o
    0x08003ef4   0x08003ef4   0x00000068   Code   RO          808    i.TIM_OC3_SetConfig  stm32f4xx_hal_tim.o
    0x08003f5c   0x08003f5c   0x00000050   Code   RO          809    i.TIM_OC4_SetConfig  stm32f4xx_hal_tim.o
    0x08003fac   0x08003fac   0x00000022   Code   RO          811    i.TIM_TI1_ConfigInputStage  stm32f4xx_hal_tim.o
    0x08003fce   0x08003fce   0x00000002   PAD
    0x08003fd0   0x08003fd0   0x00000080   Code   RO          812    i.TIM_TI1_SetConfig  stm32f4xx_hal_tim.o
    0x08004050   0x08004050   0x00000024   Code   RO          813    i.TIM_TI2_ConfigInputStage  stm32f4xx_hal_tim.o
    0x08004074   0x08004074   0x00000036   Code   RO          814    i.TIM_TI2_SetConfig  stm32f4xx_hal_tim.o
    0x080040aa   0x080040aa   0x00000002   PAD
    0x080040ac   0x080040ac   0x0000000c   Code   RO          540    i.UART4_IRQHandler  stm32f4xx_it.o
    0x080040b8   0x080040b8   0x00000010   Code   RO         3130    i.UART_DMAAbortOnError  stm32f4xx_hal_uart.o
    0x080040c8   0x080040c8   0x0000004a   Code   RO         3131    i.UART_DMAError     stm32f4xx_hal_uart.o
    0x08004112   0x08004112   0x00000042   Code   RO         3136    i.UART_DMATransmitCplt  stm32f4xx_hal_uart.o
    0x08004154   0x08004154   0x0000000a   Code   RO         3138    i.UART_DMATxHalfCplt  stm32f4xx_hal_uart.o
    0x0800415e   0x0800415e   0x0000004e   Code   RO         3140    i.UART_EndRxTransfer  stm32f4xx_hal_uart.o
    0x080041ac   0x080041ac   0x0000001c   Code   RO         3141    i.UART_EndTxTransfer  stm32f4xx_hal_uart.o
    0x080041c8   0x080041c8   0x000000c2   Code   RO         3142    i.UART_Receive_IT   stm32f4xx_hal_uart.o
    0x0800428a   0x0800428a   0x00000002   PAD
    0x0800428c   0x0800428c   0x0000010c   Code   RO         3143    i.UART_SetConfig    stm32f4xx_hal_uart.o
    0x08004398   0x08004398   0x00000036   Code   RO         3145    i.UART_Start_Receive_IT  stm32f4xx_hal_uart.o
    0x080043ce   0x080043ce   0x00000072   Code   RO         3146    i.UART_WaitOnFlagUntilTimeout  stm32f4xx_hal_uart.o
    0x08004440   0x08004440   0x0000000c   Code   RO          541    i.USART1_IRQHandler  stm32f4xx_it.o
    0x0800444c   0x0800444c   0x00000030   Code   RO         5477    i.USER_ADC_Get_AdcBufValue  bsp_adc.o
    0x0800447c   0x0800447c   0x00000002   Code   RO          542    i.UsageFault_Handler  stm32f4xx_it.o
    0x0800447e   0x0800447e   0x00000002   PAD
    0x08004480   0x08004480   0x00000020   Code   RO         6394    i.__0printf$3       mc_w.l(printf3.o)
    0x080044a0   0x080044a0   0x00000026   Code   RO         6566    i.__ARM_fpclassifyf  m_wm.l(fpclassifyf.o)
    0x080044c6   0x080044c6   0x00000020   Code   RO         2429    i.__NVIC_SetPriority  stm32f4xx_hal_cortex.o
    0x080044e6   0x080044e6   0x00000002   PAD
    0x080044e8   0x080044e8   0x00000160   Code   RO         6262    i.__hardfp_atanf    m_wm.l(atanf.o)
    0x08004648   0x08004648   0x0000017c   Code   RO         6274    i.__hardfp_tanf     m_wm.l(tanf.o)
    0x080047c4   0x080047c4   0x00000006   Code   RO         6569    i.__mathlib_flt_infnan  m_wm.l(funder.o)
    0x080047ca   0x080047ca   0x00000002   PAD
    0x080047cc   0x080047cc   0x00000010   Code   RO         6571    i.__mathlib_flt_invalid  m_wm.l(funder.o)
    0x080047dc   0x080047dc   0x00000010   Code   RO         6574    i.__mathlib_flt_underflow  m_wm.l(funder.o)
    0x080047ec   0x080047ec   0x00000154   Code   RO         6582    i.__mathlib_rredf2  m_wm.l(rredf.o)
    0x08004940   0x08004940   0x0000000e   Code   RO         6634    i.__scatterload_copy  mc_w.l(handlers.o)
    0x0800494e   0x0800494e   0x00000002   Code   RO         6635    i.__scatterload_null  mc_w.l(handlers.o)
    0x08004950   0x08004950   0x0000000e   Code   RO         6636    i.__scatterload_zeroinit  mc_w.l(handlers.o)
    0x0800495e   0x0800495e   0x00000002   PAD
    0x08004960   0x08004960   0x0000000c   Code   RO         6610    i.__set_errno       mc_w.l(errno.o)
    0x0800496c   0x0800496c   0x000001b8   Code   RO         6401    i._printf_core      mc_w.l(printf3.o)
    0x08004b24   0x08004b24   0x00000010   Code   RO         5750    i.apply_esc_pulse   servo_basic_control.o
    0x08004b34   0x08004b34   0x00000020   Code   RO         5751    i.apply_orin_esc_pulse  servo_basic_control.o
    0x08004b54   0x08004b54   0x00000010   Code   RO         5752    i.apply_servo_pulse  servo_basic_control.o
    0x08004b64   0x08004b64   0x0000003c   Code   RO         5270    i.buzzer_SetTask    bsp_buzzer.o
    0x08004ba0   0x08004ba0   0x00000002   Code   RO         5271    i.buzzer_init       bsp_buzzer.o
    0x08004ba2   0x08004ba2   0x00000002   PAD
    0x08004ba4   0x08004ba4   0x00000010   Code   RO         5272    i.buzzer_off        bsp_buzzer.o
    0x08004bb4   0x08004bb4   0x00000010   Code   RO         5273    i.buzzer_on         bsp_buzzer.o
    0x08004bc4   0x08004bc4   0x00000050   Code   RO         5274    i.buzzer_start_task  bsp_buzzer.o
    0x08004c14   0x08004c14   0x0000000c   Code   RO         5275    i.buzzer_toggle     bsp_buzzer.o
    0x08004c20   0x08004c20   0x00000012   Code   RO         5753    i.clamp_esc_pulse   servo_basic_control.o
    0x08004c32   0x08004c32   0x00000002   PAD
    0x08004c34   0x08004c34   0x00000058   Code   RO         5754    i.clamp_legacy_orin_vz  servo_basic_control.o
    0x08004c8c   0x08004c8c   0x00000012   Code   RO         5755    i.clamp_servo_pulse  servo_basic_control.o
    0x08004c9e   0x08004c9e   0x00000002   PAD
    0x08004ca0   0x08004ca0   0x00000024   Code   RO         5756    i.clamp_speed_pi_param_float  servo_basic_control.o
    0x08004cc4   0x08004cc4   0x0000000c   Code   RO          274    i.configureTimerForRunTimeStats  freertos.o
    0x08004cd0   0x08004cd0   0x00000054   Code   RO         5757    i.finalize_rc_channel_pulse  servo_basic_control.o
    0x08004d24   0x08004d24   0x0000001c   Code   RO           17    i.fputc             main.o
    0x08004d40   0x08004d40   0x00000030   Code   RO          275    i.getRunTimeCounterValue  freertos.o
    0x08004d70   0x08004d70   0x00000014   Code   RO         5758    i.get_hall_speed_limit_mmps  servo_basic_control.o
    0x08004d84   0x08004d84   0x00000014   Code   RO         5759    i.get_orin_ackermann_max_steering_millirad  servo_basic_control.o
    0x08004d98   0x08004d98   0x00000014   Code   RO         5760    i.get_orin_ackermann_min_vx_mmps  servo_basic_control.o
    0x08004dac   0x08004dac   0x00000014   Code   RO         5761    i.get_orin_ackermann_wheelbase_mm  servo_basic_control.o
    0x08004dc0   0x08004dc0   0x0000001c   Code   RO         5762    i.get_orin_esc_center_pulse  servo_basic_control.o
    0x08004ddc   0x08004ddc   0x0000001c   Code   RO         5763    i.get_orin_servo_center_pulse  servo_basic_control.o
    0x08004df8   0x08004df8   0x00000014   Code   RO         5764    i.get_rc_override_center_us  servo_basic_control.o
    0x08004e0c   0x08004e0c   0x00000014   Code   RO         6095    i.get_rc_valid_min_pulse_us  servo_rc_capture.o
    0x08004e20   0x08004e20   0x00000022   Code   RO         5765    i.get_vx_direction  servo_basic_control.o
    0x08004e42   0x08004e42   0x00000002   PAD
    0x08004e44   0x08004e44   0x00000024   Code   RO         6205    i.hall_speed_get_time_us  hall_speed.o
    0x08004e68   0x08004e68   0x0000009c   Code   RO         5766    i.hall_speed_limit_should_block  servo_basic_control.o
    0x08004f04   0x08004f04   0x0000007a   Code   RO         5767    i.interpolate_speed_ff_table  servo_basic_control.o
    0x08004f7e   0x08004f7e   0x00000002   PAD
    0x08004f80   0x08004f80   0x00000050   Code   RO         5768    i.limit_servo_safe_pulse  servo_basic_control.o
    0x08004fd0   0x08004fd0   0x00000090   Code   RO           18    i.main              main.o
    0x08005060   0x08005060   0x0000012c   Code   RO         5367    i.oled_showfloat    bsp_oled.o
    0x0800518c   0x0800518c   0x000001d4   Code   RO         5769    i.orin_compute_speed_control_esc  servo_basic_control.o
    0x08005360   0x08005360   0x00000050   Code   RO         5770    i.orin_map_vx_to_esc  servo_basic_control.o
    0x080053b0   0x080053b0   0x000000e8   Code   RO         5771    i.orin_map_vz_to_servo  servo_basic_control.o
    0x08005498   0x08005498   0x00000034   Code   RO         5772    i.orin_pwm_is_active  servo_basic_control.o
    0x080054cc   0x080054cc   0x00000030   Code   RO         5773    i.orin_target_is_below_min_control  servo_basic_control.o
    0x080054fc   0x080054fc   0x00000024   Code   RO         4632    i.osKernelInitialize  cmsis_os2.o
    0x08005520   0x08005520   0x00000038   Code   RO         4635    i.osKernelStart     cmsis_os2.o
    0x08005558   0x08005558   0x0000008a   Code   RO         4677    i.osThreadNew       cmsis_os2.o
    0x080055e2   0x080055e2   0x00000002   PAD
    0x080055e4   0x080055e4   0x0000005c   Code   RO         4059    i.prvAddCurrentTaskToDelayedList  tasks.o
    0x08005640   0x08005640   0x000000d0   Code   RO         4060    i.prvAddNewTaskToReadyList  tasks.o
    0x08005710   0x08005710   0x00000058   Code   RO         4445    i.prvCheckForValidListAndQueue  timers.o
    0x08005768   0x08005768   0x00000026   Code   RO         3656    i.prvCopyDataFromQueue  queue.o
    0x0800578e   0x0800578e   0x0000006c   Code   RO         3657    i.prvCopyDataToQueue  queue.o
    0x080057fa   0x080057fa   0x00000034   Code   RO         4061    i.prvDeleteTCB      tasks.o
    0x0800582e   0x0800582e   0x00000002   PAD
    0x08005830   0x08005830   0x0000004c   Code   RO         5135    i.prvHeapInit       heap_4.o
    0x0800587c   0x0800587c   0x00000064   Code   RO         4062    i.prvIdleTask       tasks.o
    0x080058e0   0x080058e0   0x00000022   Code   RO         3659    i.prvInitialiseNewQueue  queue.o
    0x08005902   0x08005902   0x00000002   PAD
    0x08005904   0x08005904   0x000000b2   Code   RO         4063    i.prvInitialiseNewTask  tasks.o
    0x080059b6   0x080059b6   0x00000002   PAD
    0x080059b8   0x080059b8   0x0000004c   Code   RO         5136    i.prvInsertBlockIntoFreeList  heap_4.o
    0x08005a04   0x08005a04   0x00000038   Code   RO         4447    i.prvInsertTimerInActiveList  timers.o
    0x08005a3c   0x08005a3c   0x0000001c   Code   RO         3660    i.prvIsQueueEmpty   queue.o
    0x08005a58   0x08005a58   0x000000fc   Code   RO         4448    i.prvProcessReceivedCommands  timers.o
    0x08005b54   0x08005b54   0x000000c0   Code   RO         4449    i.prvProcessTimerOrBlockTask  timers.o
    0x08005c14   0x08005c14   0x00000020   Code   RO         4065    i.prvResetNextTaskUnblockTime  tasks.o
    0x08005c34   0x08005c34   0x00000028   Code   RO         4450    i.prvSampleTimeNow  timers.o
    0x08005c5c   0x08005c5c   0x0000006c   Code   RO         4451    i.prvSwitchTimerLists  timers.o
    0x08005cc8   0x08005cc8   0x00000028   Code   RO         5191    i.prvTaskExitError  port.o
    0x08005cf0   0x08005cf0   0x00000024   Code   RO         4452    i.prvTimerTask      timers.o
    0x08005d14   0x08005d14   0x0000006a   Code   RO         3661    i.prvUnlockQueue    queue.o
    0x08005d7e   0x08005d7e   0x00000018   Code   RO         5774    i.pulse_is_inside_center  servo_basic_control.o
    0x08005d96   0x08005d96   0x0000001a   Code   RO         5775    i.pulse_is_outside_center  servo_basic_control.o
    0x08005db0   0x08005db0   0x000000e8   Code   RO         5137    i.pvPortMalloc      heap_4.o
    0x08005e98   0x08005e98   0x0000002c   Code   RO         5192    i.pxPortInitialiseStack  port.o
    0x08005ec4   0x08005ec4   0x00000014   Code   RO         6096    i.rc_capture_first_polarity  servo_rc_capture.o
    0x08005ed8   0x08005ed8   0x00000010   Code   RO         6097    i.rc_capture_second_polarity  servo_rc_capture.o
    0x08005ee8   0x08005ee8   0x00000058   Code   RO         5776    i.rc_debounce_apply  servo_basic_control.o
    0x08005f40   0x08005f40   0x00000038   Code   RO         5777    i.rc_debounce_reset  servo_basic_control.o
    0x08005f78   0x08005f78   0x00000044   Code   RO         5778    i.rc_guard_input_is_active  servo_basic_control.o
    0x08005fbc   0x08005fbc   0x00000054   Code   RO         5779    i.rc_inputs_are_centered  servo_basic_control.o
    0x08006010   0x08006010   0x00000024   Code   RO         5780    i.rc_select_pulse   servo_basic_control.o
    0x08006034   0x08006034   0x00000018   Code   RO         5604    i.record_uart_tx_status  data_task.o
    0x0800604c   0x0800604c   0x000000dc   Code   RO         5781    i.refresh_rc_inputs  servo_basic_control.o
    0x08006128   0x08006128   0x0000008c   Code   RO         5782    i.scale_and_limit_orin_vx  servo_basic_control.o
    0x080061b4   0x080061b4   0x00000074   Code   RO         5510    i.serial_control_apply_pid_param_frame  serialcontrol_task.o
    0x08006228   0x08006228   0x00000068   Code   RO         5511    i.serial_control_check_reset  serialcontrol_task.o
    0x08006290   0x08006290   0x00000008   Code   RO         5512    i.serial_control_read_i16_be  serialcontrol_task.o
    0x08006298   0x08006298   0x00000074   Code   RO         5513    i.serial_control_set_debug_level  serialcontrol_task.o
    0x0800630c   0x0800630c   0x0000005c   Code   RO         5783    i.servo_basic_apply_debug_command  servo_basic_control.o
    0x08006368   0x08006368   0x00000044   Code   RO         5784    i.set_rc_override_state  servo_basic_control.o
    0x080063ac   0x080063ac   0x00000014   Code   RO         5785    i.set_servo_target  servo_basic_control.o
    0x080063c0   0x080063c0   0x000002c4   Code   RO         5567    i.show_debug_status  show_task.o
    0x08006684   0x08006684   0x00000016   Code   RO         5568    i.show_task         show_task.o
    0x0800669a   0x0800669a   0x00000002   PAD
    0x0800669c   0x0800669c   0x000000a8   Code   RO         5569    i.show_u4_zero_padded  show_task.o
    0x08006744   0x08006744   0x00000038   Code   RO         5786    i.speed_mps_abs_to_mmps  servo_basic_control.o
    0x0800677c   0x0800677c   0x00000028   Code   RO         5787    i.speed_pi_reset_controller  servo_basic_control.o
    0x080067a4   0x080067a4   0x0000002c   Code   RO         5701    i.start_pwm_once    servo_basic_output.o
    0x080067d0   0x080067d0   0x0000008c   Code   RO         5788    i.telemetry_estimate_steering_rad_from_servo_pulse  servo_basic_control.o
    0x0800685c   0x0800685c   0x00000080   Code   RO         5789    i.telemetry_estimate_vz_from_pwm  servo_basic_control.o
    0x080068dc   0x080068dc   0x00000130   Code   RO         5790    i.update_control_mode_from_rc  servo_basic_control.o
    0x08006a0c   0x08006a0c   0x0000010c   Code   RO         5791    i.update_rc_channel_state  servo_basic_control.o
    0x08006b18   0x08006b18   0x00000026   Code   RO         3616    i.uxListRemove      list.o
    0x08006b3e   0x08006b3e   0x00000002   PAD
    0x08006b40   0x08006b40   0x00000014   Code   RO         4689    i.vApplicationGetIdleTaskMemory  cmsis_os2.o
    0x08006b54   0x08006b54   0x00000018   Code   RO         4690    i.vApplicationGetTimerTaskMemory  cmsis_os2.o
    0x08006b6c   0x08006b6c   0x00000002   Code   RO          276    i.vApplicationIdleHook  freertos.o
    0x08006b6e   0x08006b6e   0x00000002   PAD
    0x08006b70   0x08006b70   0x00000028   Code   RO          277    i.vApplicationMallocFailedHook  freertos.o
    0x08006b98   0x08006b98   0x0000001c   Code   RO          278    i.vApplicationStackOverflowHook  freertos.o
    0x08006bb4   0x08006bb4   0x00000016   Code   RO         3617    i.vListInitialise   list.o
    0x08006bca   0x08006bca   0x00000006   Code   RO         3618    i.vListInitialiseItem  list.o
    0x08006bd0   0x08006bd0   0x00000030   Code   RO         3619    i.vListInsert       list.o
    0x08006c00   0x08006c00   0x00000018   Code   RO         3620    i.vListInsertEnd    list.o
    0x08006c18   0x08006c18   0x00000040   Code   RO         5194    i.vPortEnterCritical  port.o
    0x08006c58   0x08006c58   0x00000028   Code   RO         5195    i.vPortExitCritical  port.o
    0x08006c80   0x08006c80   0x00000064   Code   RO         5138    i.vPortFree         heap_4.o
    0x08006ce4   0x08006ce4   0x00000024   Code   RO         5196    i.vPortSetupTimerInterrupt  port.o
    0x08006d08   0x08006d08   0x00000054   Code   RO         5197    i.vPortValidateInterruptPriority  port.o
    0x08006d5c   0x08006d5c   0x00000028   Code   RO         3667    i.vQueueAddToRegistry  queue.o
    0x08006d84   0x08006d84   0x00000044   Code   RO         3671    i.vQueueWaitForMessageRestricted  queue.o
    0x08006dc8   0x08006dc8   0x0000004c   Code   RO         4079    i.vTaskDelay        tasks.o
    0x08006e14   0x08006e14   0x0000008c   Code   RO         4080    i.vTaskDelayUntil   tasks.o
    0x08006ea0   0x08006ea0   0x00000090   Code   RO         4081    i.vTaskDelete       tasks.o
    0x08006f30   0x08006f30   0x00000010   Code   RO         4085    i.vTaskInternalSetTimeOutState  tasks.o
    0x08006f40   0x08006f40   0x0000000c   Code   RO         4087    i.vTaskMissedYield  tasks.o
    0x08006f4c   0x08006f4c   0x00000030   Code   RO         4089    i.vTaskPlaceOnEventList  tasks.o
    0x08006f7c   0x08006f7c   0x00000038   Code   RO         4090    i.vTaskPlaceOnEventListRestricted  tasks.o
    0x08006fb4   0x08006fb4   0x0000008c   Code   RO         4098    i.vTaskStartScheduler  tasks.o
    0x08007040   0x08007040   0x00000010   Code   RO         4100    i.vTaskSuspendAll   tasks.o
    0x08007050   0x08007050   0x000000a4   Code   RO         4101    i.vTaskSwitchContext  tasks.o
    0x080070f4   0x080070f4   0x000000f4   Code   RO         5198    i.xPortStartScheduler  port.o
    0x080071e8   0x080071e8   0x0000002c   Code   RO         5199    i.xPortSysTickHandler  port.o
    0x08007214   0x08007214   0x00000042   Code   RO         3676    i.xQueueGenericCreate  queue.o
    0x08007256   0x08007256   0x00000066   Code   RO         3677    i.xQueueGenericCreateStatic  queue.o
    0x080072bc   0x080072bc   0x00000088   Code   RO         3678    i.xQueueGenericReset  queue.o
    0x08007344   0x08007344   0x00000160   Code   RO         3679    i.xQueueGenericSend  queue.o
    0x080074a4   0x080074a4   0x000000be   Code   RO         3680    i.xQueueGenericSendFromISR  queue.o
    0x08007562   0x08007562   0x00000002   PAD
    0x08007564   0x08007564   0x00000138   Code   RO         3689    i.xQueueReceive     queue.o
    0x0800769c   0x0800769c   0x00000074   Code   RO         4103    i.xTaskCheckForTimeOut  tasks.o
    0x08007710   0x08007710   0x0000005a   Code   RO         4104    i.xTaskCreate       tasks.o
    0x0800776a   0x0800776a   0x00000056   Code   RO         4105    i.xTaskCreateStatic  tasks.o
    0x080077c0   0x080077c0   0x0000001c   Code   RO         4109    i.xTaskGetSchedulerState  tasks.o
    0x080077dc   0x080077dc   0x0000000c   Code   RO         4110    i.xTaskGetTickCount  tasks.o
    0x080077e8   0x080077e8   0x000000c8   Code   RO         4112    i.xTaskIncrementTick  tasks.o
    0x080078b0   0x080078b0   0x00000080   Code   RO         4115    i.xTaskPriorityDisinherit  tasks.o
    0x08007930   0x08007930   0x00000070   Code   RO         4117    i.xTaskRemoveFromEventList  tasks.o
    0x080079a0   0x080079a0   0x000000c4   Code   RO         4118    i.xTaskResumeAll    tasks.o
    0x08007a64   0x08007a64   0x00000060   Code   RO         4461    i.xTimerCreateTimerTask  timers.o
    0x08007ac4   0x08007ac4   0x00000068   Code   RO         4462    i.xTimerGenericCommand  timers.o
    0x08007b2c   0x08007b2c   0x00000024   Data   RO          279    .constdata          freertos.o
    0x08007b50   0x08007b50   0x00000008   Data   RO         2145    .constdata          stm32f4xx_hal_dma.o
    0x08007b58   0x08007b58   0x00000010   Data   RO         3452    .constdata          system_stm32f4xx.o
    0x08007b68   0x08007b68   0x00000008   Data   RO         3453    .constdata          system_stm32f4xx.o
    0x08007b70   0x08007b70   0x00000a64   Data   RO         5369    .constdata          bsp_oled.o
    0x080085d4   0x080085d4   0x00000068   Data   RO         5793    .constdata          servo_basic_control.o
    0x0800863c   0x0800863c   0x00000020   Data   RO         6583    .constdata          m_wm.l(rredf.o)
    0x0800865c   0x0800865c   0x00000009   Data   RO          280    .conststring        freertos.o
    0x08008665   0x08008665   0x00000003   PAD
    0x08008668   0x08008668   0x00000020   Data   RO         6632    Region$$Table       anon$$obj.o


    Execution Region RW_IRAM1 (Exec base: 0x20000000, Load base: 0x08008688, Size: 0x0000e410, Max: 0x0001c000, ABSOLUTE, COMPRESSED[0x000000c0])

    Exec Addr    Load Addr    Size         Type   Attr      Idx    E Section Name        Object

    0x20000000   COMPRESSED   0x00000008   Data   RW           19    .data               main.o
    0x20000008   COMPRESSED   0x00000014   Data   RW          281    .data               freertos.o
    0x2000001c   COMPRESSED   0x0000000c   Data   RW         2578    .data               stm32f4xx_hal.o
    0x20000028   COMPRESSED   0x00000004   Data   RW         3454    .data               system_stm32f4xx.o
    0x2000002c   COMPRESSED   0x00000044   Data   RW         4121    .data               tasks.o
    0x20000070   COMPRESSED   0x00000014   Data   RW         4470    .data               timers.o
    0x20000084   COMPRESSED   0x00000004   Data   RW         4695    .data               cmsis_os2.o
    0x20000088   COMPRESSED   0x00000020   Data   RW         5144    .data               heap_4.o
    0x200000a8   COMPRESSED   0x0000000c   Data   RW         5200    .data               port.o
    0x200000b4   COMPRESSED   0x00000004   Data   RW         5276    .data               bsp_buzzer.o
    0x200000b8   COMPRESSED   0x00000014   Data   RW         5277    .data               bsp_buzzer.o
    0x200000cc   COMPRESSED   0x00000020   Data   RW         5370    .data               bsp_oled.o
    0x200000ec   COMPRESSED   0x00000004   Data   RW         5371    .data               bsp_oled.o
    0x200000f0   COMPRESSED   0x0000000d   Data   RW         5514    .data               serialcontrol_task.o
    0x200000fd   COMPRESSED   0x00000003   PAD
    0x20000100   COMPRESSED   0x00000004   Data   RW         5570    .data               show_task.o
    0x20000104   COMPRESSED   0x00000004   Data   RW         5605    .data               data_task.o
    0x20000108   COMPRESSED   0x00000001   Data   RW         5702    .data               servo_basic_output.o
    0x20000109   COMPRESSED   0x00000003   PAD
    0x2000010c   COMPRESSED   0x00000128   Data   RW         5794    .data               servo_basic_control.o
    0x20000234   COMPRESSED   0x00000004   Data   RW         5802    .data               servo_basic_control.o
    0x20000238   COMPRESSED   0x00000004   Data   RW         5803    .data               servo_basic_control.o
    0x2000023c   COMPRESSED   0x00000004   Data   RW         6099    .data               servo_rc_capture.o
    0x20000240   COMPRESSED   0x00000002   Data   RW         6207    .data               hall_speed.o
    0x20000242   COMPRESSED   0x00000002   PAD
    0x20000244   COMPRESSED   0x00000004   Data   RW         6601    .data               mc_w.l(stdout.o)
    0x20000248   COMPRESSED   0x00000004   Data   RW         6611    .data               mc_w.l(errno.o)
    0x2000024c        -       0x000000a8   Zero   RW          358    .bss                adc.o
    0x200002f4        -       0x000000d8   Zero   RW          427    .bss                tim.o
    0x200003cc        -       0x00000150   Zero   RW          485    .bss                usart.o
    0x2000051c        -       0x00000048   Zero   RW          662    .bss                stm32f4xx_hal_timebase_tim.o
    0x20000564        -       0x00000040   Zero   RW         3693    .bss                queue.o
    0x200005a4        -       0x000004c4   Zero   RW         4120    .bss                tasks.o
    0x20000a68        -       0x00000118   Zero   RW         4469    .bss                timers.o
    0x20000b80        -       0x000006c0   Zero   RW         4694    .bss                cmsis_os2.o
    0x20001240        -       0x0000c800   Zero   RW         5143    .bss                heap_4.o
    0x2000da40        -       0x0000040c   Zero   RW         5368    .bss                bsp_oled.o
    0x2000de4c        -       0x00000140   Zero   RW         5478    .bss                bsp_adc.o
    0x2000df8c        -       0x00000018   Zero   RW         5631    .bss                app_runtime_state.o
    0x2000dfa4        -       0x00000020   Zero   RW         5792    .bss                servo_basic_control.o
    0x2000dfc4        -       0x00000030   Zero   RW         6098    .bss                servo_rc_capture.o
    0x2000dff4        -       0x00000018   Zero   RW         6206    .bss                hall_speed.o
    0x2000e00c   COMPRESSED   0x00000004   PAD
    0x2000e010        -       0x00000400   Zero   RW            1    STACK               startup_stm32f407xx.o


    Execution Region RW_IRAM2 (Exec base: 0x2001c000, Load base: 0x08008748, Size: 0x00000000, Max: 0x00004000, ABSOLUTE)

    **** No section assigned to this execution region ****


==============================================================================

Image component sizes


      Code (inc. data)   RO Data    RW Data    ZI Data      Debug   Object Name

       276         32          0          0        168       1807   adc.o
         0          0          0          0         24        802   app_runtime_state.o
        68         14          0          0        320       1713   bsp_adc.o
       186         42          0         24          0       4125   bsp_buzzer.o
        40         10          0          0          0        459   bsp_dwt.o
      1234         62       2660         36       1036       9995   bsp_oled.o
       300         22          0          4       1728      50069   cmsis_os2.o
       376         28          0          4          0       2448   data_task.o
        92          4          0          0          0        830   dma.o
         0          0          0          0          0      19276   event_groups.o
       398        160         45         20          0       7796   freertos.o
       284         16          0          0          0       1067   gpio.o
       476         64          0          2         24       6187   hall_speed.o
       484         26          0         32      51200       4903   heap_4.o
       138          0          0          0          0       3550   list.o
       504        102          0          8          0     728052   main.o
       786         82          0         12          0      11513   port.o
      1580         20          0          0         64      18458   queue.o
       732         54          0         13          0       6178   serialcontrol_task.o
      4450        350        104        304         32      52573   servo_basic_control.o
       108         20          0          1          0       2098   servo_basic_output.o
       712         88          0          4         48      10799   servo_rc_capture.o
       898        126          0          4          0       2932   show_task.o
        36          8        392          0       1024        836   startup_stm32f407xx.o
       116         18          0         12          0       8730   stm32f4xx_hal.o
      1200         66          0          0          0       7453   stm32f4xx_hal_adc.o
       158         14          0          0          0      33034   stm32f4xx_hal_cortex.o
      1084         16          8          0          0       7358   stm32f4xx_hal_dma.o
       556         52          0          0          0       4123   stm32f4xx_hal_gpio.o
        56          4          0          0          0        870   stm32f4xx_hal_msp.o
      1408         82          0          0          0       5901   stm32f4xx_hal_rcc.o
      2976        224          0          0          0      23086   stm32f4xx_hal_tim.o
       232         28          0          0          0       3309   stm32f4xx_hal_tim_ex.o
       152         20          0          0         72       1483   stm32f4xx_hal_timebase_tim.o
      1942         30          0          0          0      15302   stm32f4xx_hal_uart.o
       136         46          0          0          0       6669   stm32f4xx_it.o
         0          0          0          0          0       9292   stream_buffer.o
        16          4         24          4          0       1127   system_stm32f4xx.o
      2442        188          0         68       1220      29296   tasks.o
       748         60          0          0        216       4042   tim.o
        36          6          0          0          0       1061   tim_capture_callback.o
       972         80          0         20        280      29487   timers.o
        80         18          0          0          0       1116   uart_callback.o
       424         48          0          0        336       2594   usart.o

    ----------------------------------------------------------------------
     28952       2334       3268        580      57796    1143799   Object Totals
         0          0         32          0          0          0   (incl. Generated)
        60          0          3          8          4          0   (incl. Padding)

    ----------------------------------------------------------------------

      Code (inc. data)   RO Data    RW Data    ZI Data      Debug   Library Member Name

       352         56          0          0          0        172   atanf.o
        38          0          0          0          0        116   fpclassifyf.o
        38         12          0          0          0        348   funder.o
       340         24         32          0          0        160   rredf.o
       380         58          0          0          0        200   tanf.o
        86          0          0          0          0          0   __dczerorl2.o
         0          0          0          0          0          0   entry.o
         0          0          0          0          0          0   entry10a.o
         0          0          0          0          0          0   entry11a.o
         4          0          0          0          0          0   entry12b.o
         8          4          0          0          0          0   entry2.o
         4          0          0          0          0          0   entry5.o
         0          0          0          0          0          0   entry7b.o
         0          0          0          0          0          0   entry8b.o
         8          4          0          0          0          0   entry9a.o
        12          6          0          4          0         68   errno.o
        30          0          0          0          0          0   handlers.o
        36          8          0          0          0         68   init.o
         0          0          0          0          0          0   iusefp.o
        98          0          0          0          0         84   ldiv.o
        30          0          0          0          0         68   llshl.o
        32          0          0          0          0         68   llushr.o
        36          0          0          0          0         68   memcpya.o
        36          0          0          0          0        108   memseta.o
       472         14          0          0          0        184   printf3.o
         0          0          0          4          0          0   stdout.o
        44          0          0          0          0         80   uidiv.o
        98          0          0          0          0         92   uldiv.o

    ----------------------------------------------------------------------
      2188        186         32          8          0       1884   Library Totals
         6          0          0          0          0          0   (incl. Padding)

    ----------------------------------------------------------------------

      Code (inc. data)   RO Data    RW Data    ZI Data      Debug   Library Name

      1148        150         32          0          0        996   m_wm.l
      1034         36          0          8          0        888   mc_w.l

    ----------------------------------------------------------------------
      2188        186         32          8          0       1884   Library Totals

    ----------------------------------------------------------------------

==============================================================================


      Code (inc. data)   RO Data    RW Data    ZI Data      Debug   

     31140       2520       3300        588      57796    1114203   Grand Totals
     31140       2520       3300        192      57796    1114203   ELF Image Totals (compressed)
     31140       2520       3300        192          0          0   ROM Totals

==============================================================================

    Total RO  Size (Code + RO Data)                34440 (  33.63kB)
    Total RW  Size (RW Data + ZI Data)             58384 (  57.02kB)
    Total ROM Size (Code + RO Data + RW Data)      34632 (  33.82kB)

==============================================================================

